Component: ARM Compiler 5.06 update 4 (build 422) Tool: armlink [4d35d2]

==============================================================================

Section Cross References

    system_gd32f30x.o(i.SystemCoreClockUpdate) refers to system_gd32f30x.o(.data) for SystemCoreClock
    system_gd32f30x.o(i.SystemInit) refers to system_gd32f30x.o(i.system_clock_config) for system_clock_config
    system_gd32f30x.o(i.system_clock_config) refers to system_gd32f30x.o(i.system_clock_120m_hxtal) for system_clock_120m_hxtal
    startup_gd32f30x_hd.o(RESET) refers to startup_gd32f30x_hd.o(STACK) for __initial_sp
    startup_gd32f30x_hd.o(RESET) refers to startup_gd32f30x_hd.o(.text) for Reset_Handler
    startup_gd32f30x_hd.o(RESET) refers to gd32f30x_it.o(i.NMI_Handler) for NMI_Handler
    startup_gd32f30x_hd.o(RESET) refers to gd32f30x_it.o(i.HardFault_Handler) for HardFault_Handler
    startup_gd32f30x_hd.o(RESET) refers to gd32f30x_it.o(i.MemManage_Handler) for MemManage_Handler
    startup_gd32f30x_hd.o(RESET) refers to gd32f30x_it.o(i.BusFault_Handler) for BusFault_Handler
    startup_gd32f30x_hd.o(RESET) refers to gd32f30x_it.o(i.UsageFault_Handler) for UsageFault_Handler
    startup_gd32f30x_hd.o(RESET) refers to gd32f30x_it.o(i.SVC_Handler) for SVC_Handler
    startup_gd32f30x_hd.o(RESET) refers to gd32f30x_it.o(i.DebugMon_Handler) for DebugMon_Handler
    startup_gd32f30x_hd.o(RESET) refers to gd32f30x_it.o(i.PendSV_Handler) for PendSV_Handler
    startup_gd32f30x_hd.o(RESET) refers to gd32f30x_it.o(i.SysTick_Handler) for SysTick_Handler
    startup_gd32f30x_hd.o(RESET) refers to time_management.o(i.TIMER2_IRQHandler) for TIMER2_IRQHandler
    startup_gd32f30x_hd.o(.text) refers to system_gd32f30x.o(i.SystemInit) for SystemInit
    startup_gd32f30x_hd.o(.text) refers to entry.o(.ARM.Collect$$$$00000000) for __main
    gd32f30x_adc.o(i.adc_deinit) refers to gd32f30x_rcu.o(i.rcu_periph_reset_enable) for rcu_periph_reset_enable
    gd32f30x_adc.o(i.adc_deinit) refers to gd32f30x_rcu.o(i.rcu_periph_reset_disable) for rcu_periph_reset_disable
    gd32f30x_bkp.o(i.bkp_deinit) refers to gd32f30x_rcu.o(i.rcu_bkp_reset_enable) for rcu_bkp_reset_enable
    gd32f30x_bkp.o(i.bkp_deinit) refers to gd32f30x_rcu.o(i.rcu_bkp_reset_disable) for rcu_bkp_reset_disable
    gd32f30x_can.o(i.can_debug_freeze_disable) refers to gd32f30x_dbg.o(i.dbg_periph_disable) for dbg_periph_disable
    gd32f30x_can.o(i.can_debug_freeze_enable) refers to gd32f30x_dbg.o(i.dbg_periph_enable) for dbg_periph_enable
    gd32f30x_can.o(i.can_deinit) refers to gd32f30x_rcu.o(i.rcu_periph_reset_enable) for rcu_periph_reset_enable
    gd32f30x_can.o(i.can_deinit) refers to gd32f30x_rcu.o(i.rcu_periph_reset_disable) for rcu_periph_reset_disable
    gd32f30x_can.o(i.can_interrupt_flag_get) refers to gd32f30x_can.o(i.can_receive_message_length_get) for can_receive_message_length_get
    gd32f30x_can.o(i.can_interrupt_flag_get) refers to gd32f30x_can.o(i.can_error_get) for can_error_get
    gd32f30x_ctc.o(i.ctc_deinit) refers to gd32f30x_rcu.o(i.rcu_periph_reset_enable) for rcu_periph_reset_enable
    gd32f30x_ctc.o(i.ctc_deinit) refers to gd32f30x_rcu.o(i.rcu_periph_reset_disable) for rcu_periph_reset_disable
    gd32f30x_dac.o(i.dac_deinit) refers to gd32f30x_rcu.o(i.rcu_periph_reset_enable) for rcu_periph_reset_enable
    gd32f30x_dac.o(i.dac_deinit) refers to gd32f30x_rcu.o(i.rcu_periph_reset_disable) for rcu_periph_reset_disable
    gd32f30x_dma.o(i.dma_channel_disable) refers to gd32f30x_dma.o(i.dma_periph_and_channel_check) for dma_periph_and_channel_check
    gd32f30x_dma.o(i.dma_channel_enable) refers to gd32f30x_dma.o(i.dma_periph_and_channel_check) for dma_periph_and_channel_check
    gd32f30x_dma.o(i.dma_circulation_disable) refers to gd32f30x_dma.o(i.dma_periph_and_channel_check) for dma_periph_and_channel_check
    gd32f30x_dma.o(i.dma_circulation_enable) refers to gd32f30x_dma.o(i.dma_periph_and_channel_check) for dma_periph_and_channel_check
    gd32f30x_dma.o(i.dma_deinit) refers to gd32f30x_dma.o(i.dma_periph_and_channel_check) for dma_periph_and_channel_check
    gd32f30x_dma.o(i.dma_init) refers to gd32f30x_dma.o(i.dma_periph_and_channel_check) for dma_periph_and_channel_check
    gd32f30x_dma.o(i.dma_interrupt_disable) refers to gd32f30x_dma.o(i.dma_periph_and_channel_check) for dma_periph_and_channel_check
    gd32f30x_dma.o(i.dma_interrupt_enable) refers to gd32f30x_dma.o(i.dma_periph_and_channel_check) for dma_periph_and_channel_check
    gd32f30x_dma.o(i.dma_memory_address_config) refers to gd32f30x_dma.o(i.dma_periph_and_channel_check) for dma_periph_and_channel_check
    gd32f30x_dma.o(i.dma_memory_increase_disable) refers to gd32f30x_dma.o(i.dma_periph_and_channel_check) for dma_periph_and_channel_check
    gd32f30x_dma.o(i.dma_memory_increase_enable) refers to gd32f30x_dma.o(i.dma_periph_and_channel_check) for dma_periph_and_channel_check
[...]
    Removing gd32f30x_sdio.o(i.sdio_suspend_enable), (20 bytes).
    Removing gd32f30x_spi.o(.rev16_text), (4 bytes).
    Removing gd32f30x_spi.o(.revsh_text), (4 bytes).
    Removing gd32f30x_spi.o(i.i2s_disable), (10 bytes).
    Removing gd32f30x_spi.o(i.i2s_enable), (10 bytes).
    Removing gd32f30x_spi.o(i.i2s_init), (28 bytes).
    Removing gd32f30x_spi.o(i.i2s_psc_config), (170 bytes).
    Removing gd32f30x_spi.o(i.spi_bidirectional_transfer_config), (26 bytes).
    Removing gd32f30x_spi.o(i.spi_crc_error_clear), (8 bytes).
    Removing gd32f30x_spi.o(i.spi_crc_get), (16 bytes).
    Removing gd32f30x_spi.o(i.spi_crc_next), (10 bytes).
    Removing gd32f30x_spi.o(i.spi_crc_off), (10 bytes).
    Removing gd32f30x_spi.o(i.spi_crc_on), (10 bytes).
    Removing gd32f30x_spi.o(i.spi_crc_polynomial_get), (8 bytes).
    Removing gd32f30x_spi.o(i.spi_crc_polynomial_set), (4 bytes).
    Removing gd32f30x_spi.o(i.spi_disable), (10 bytes).
    Removing gd32f30x_spi.o(i.spi_dma_disable), (22 bytes).
    Removing gd32f30x_spi.o(i.spi_dma_enable), (22 bytes).
    Removing gd32f30x_spi.o(i.spi_i2s_data_frame_format_config), (16 bytes).
    Removing gd32f30x_spi.o(i.spi_i2s_data_receive), (8 bytes).
    Removing gd32f30x_spi.o(i.spi_i2s_deinit), (88 bytes).
    Removing gd32f30x_spi.o(i.spi_i2s_format_error_clear), (6 bytes).
    Removing gd32f30x_spi.o(i.spi_i2s_interrupt_disable), (48 bytes).
    Removing gd32f30x_spi.o(i.spi_i2s_interrupt_enable), (48 bytes).
    Removing gd32f30x_spi.o(i.spi_i2s_interrupt_flag_get), (112 bytes).
    Removing gd32f30x_spi.o(i.spi_nss_internal_high), (10 bytes).
    Removing gd32f30x_spi.o(i.spi_nss_internal_low), (10 bytes).
    Removing gd32f30x_spi.o(i.spi_nss_output_disable), (10 bytes).
    Removing gd32f30x_spi.o(i.spi_nss_output_enable), (10 bytes).
    Removing gd32f30x_spi.o(i.spi_nssp_mode_disable), (10 bytes).
    Removing gd32f30x_spi.o(i.spi_nssp_mode_enable), (10 bytes).
    Removing gd32f30x_spi.o(i.spi_quad_disable), (14 bytes).
    Removing gd32f30x_spi.o(i.spi_quad_enable), (14 bytes).
    Removing gd32f30x_spi.o(i.spi_quad_io23_output_disable), (14 bytes).
    Removing gd32f30x_spi.o(i.spi_quad_io23_output_enable), (14 bytes).
    Removing gd32f30x_spi.o(i.spi_quad_read_enable), (14 bytes).
    Removing gd32f30x_spi.o(i.spi_quad_write_enable), (14 bytes).
    Removing gd32f30x_spi.o(i.spi_struct_para_init), (18 bytes).
    Removing gd32f30x_spi.o(i.spi_ti_mode_disable), (10 bytes).
    Removing gd32f30x_spi.o(i.spi_ti_mode_enable), (10 bytes).
    Removing gd32f30x_timer.o(.rev16_text), (4 bytes).
    Removing gd32f30x_timer.o(.revsh_text), (4 bytes).
    Removing gd32f30x_timer.o(i.timer_auto_reload_shadow_disable), (10 bytes).
    Removing gd32f30x_timer.o(i.timer_auto_reload_shadow_enable), (10 bytes).
    Removing gd32f30x_timer.o(i.timer_automatic_output_disable), (10 bytes).
    Removing gd32f30x_timer.o(i.timer_automatic_output_enable), (10 bytes).
    Removing gd32f30x_timer.o(i.timer_autoreload_value_config), (4 bytes).
    Removing gd32f30x_timer.o(i.timer_break_config), (30 bytes).
    Removing gd32f30x_timer.o(i.timer_break_disable), (10 bytes).
    Removing gd32f30x_timer.o(i.timer_break_enable), (10 bytes).
    Removing gd32f30x_timer.o(i.timer_break_struct_para_init), (18 bytes).
    Removing gd32f30x_timer.o(i.timer_channel_capture_value_register_read), (42 bytes).
    Removing gd32f30x_timer.o(i.timer_channel_complementary_output_polarity_config), (70 bytes).
    Removing gd32f30x_timer.o(i.timer_channel_complementary_output_state_config), (70 bytes).
    Removing gd32f30x_timer.o(i.timer_channel_control_shadow_config), (24 bytes).
    Removing gd32f30x_timer.o(i.timer_channel_control_shadow_update_config), (26 bytes).
    Removing gd32f30x_timer.o(i.timer_channel_dma_request_source_select), (26 bytes).
    Removing gd32f30x_timer.o(i.timer_channel_input_capture_prescaler_config), (90 bytes).
    Removing gd32f30x_timer.o(i.timer_channel_input_struct_para_init), (16 bytes).
    Removing gd32f30x_timer.o(i.timer_channel_output_clear_config), (90 bytes).
    Removing gd32f30x_timer.o(i.timer_channel_output_config), (492 bytes).
    Removing gd32f30x_timer.o(i.timer_channel_output_fast_config), (90 bytes).
    Removing gd32f30x_timer.o(i.timer_channel_output_mode_config), (90 bytes).
    Removing gd32f30x_timer.o(i.timer_channel_output_polarity_config), (92 bytes).
    Removing gd32f30x_timer.o(i.timer_channel_output_pulse_value_config), (38 bytes).
    Removing gd32f30x_timer.o(i.timer_channel_output_shadow_config), (90 bytes).
    Removing gd32f30x_timer.o(i.timer_channel_output_state_config), (92 bytes).
    Removing gd32f30x_timer.o(i.timer_channel_output_struct_para_init), (16 bytes).
    Removing gd32f30x_timer.o(i.timer_counter_alignment), (16 bytes).
    Removing gd32f30x_timer.o(i.timer_counter_down_direction), (10 bytes).
    Removing gd32f30x_timer.o(i.timer_counter_read), (8 bytes).
    Removing gd32f30x_timer.o(i.timer_counter_up_direction), (10 bytes).
    Removing gd32f30x_timer.o(i.timer_counter_value_config), (4 bytes).
    Removing gd32f30x_timer.o(i.timer_disable), (10 bytes).
    Removing gd32f30x_timer.o(i.timer_dma_disable), (8 bytes).
    Removing gd32f30x_timer.o(i.timer_dma_enable), (8 bytes).
    Removing gd32f30x_timer.o(i.timer_dma_transfer_config), (24 bytes).
    Removing gd32f30x_timer.o(i.timer_event_software_generate), (8 bytes).
    Removing gd32f30x_timer.o(i.timer_external_clock_mode0_config), (40 bytes).
    Removing gd32f30x_timer.o(i.timer_external_clock_mode1_config), (32 bytes).
    Removing gd32f30x_timer.o(i.timer_external_clock_mode1_disable), (10 bytes).
    Removing gd32f30x_timer.o(i.timer_external_trigger_as_external_clock_config), (166 bytes).
    Removing gd32f30x_timer.o(i.timer_external_trigger_config), (30 bytes).
    Removing gd32f30x_timer.o(i.timer_flag_clear), (6 bytes).
    Removing gd32f30x_timer.o(i.timer_flag_get), (16 bytes).
    Removing gd32f30x_timer.o(i.timer_hall_mode_config), (26 bytes).
    Removing gd32f30x_timer.o(i.timer_input_capture_config), (326 bytes).
    Removing gd32f30x_timer.o(i.timer_input_pwm_capture_config), (356 bytes).
    Removing gd32f30x_timer.o(i.timer_input_trigger_source_select), (16 bytes).
    Removing gd32f30x_timer.o(i.timer_internal_clock_config), (10 bytes).
    Removing gd32f30x_timer.o(i.timer_internal_trigger_as_external_clock_config), (32 bytes).
    Removing gd32f30x_timer.o(i.timer_interrupt_disable), (8 bytes).
    Removing gd32f30x_timer.o(i.timer_master_output_trigger_source_select), (16 bytes).
    Removing gd32f30x_timer.o(i.timer_master_slave_mode_config), (26 bytes).
    Removing gd32f30x_timer.o(i.timer_output_value_selection_config), (34 bytes).
    Removing gd32f30x_timer.o(i.timer_prescaler_config), (14 bytes).
    Removing gd32f30x_timer.o(i.timer_prescaler_read), (10 bytes).
    Removing gd32f30x_timer.o(i.timer_primary_output_config), (24 bytes).
    Removing gd32f30x_timer.o(i.timer_quadrature_decoder_mode_config), (64 bytes).
    Removing gd32f30x_timer.o(i.timer_repetition_value_config), (4 bytes).
    Removing gd32f30x_timer.o(i.timer_single_pulse_mode_config), (26 bytes).
    Removing gd32f30x_timer.o(i.timer_slave_mode_select), (16 bytes).
    Removing gd32f30x_timer.o(i.timer_struct_para_init), (22 bytes).
    Removing gd32f30x_timer.o(i.timer_update_event_disable), (10 bytes).
    Removing gd32f30x_timer.o(i.timer_update_event_enable), (10 bytes).
    Removing gd32f30x_timer.o(i.timer_update_source_config), (26 bytes).
    Removing gd32f30x_timer.o(i.timer_write_chxval_register_config), (34 bytes).
    Removing gd32f30x_usart.o(.rev16_text), (4 bytes).
    Removing gd32f30x_usart.o(.revsh_text), (4 bytes).
    Removing gd32f30x_usart.o(i.usart_address_config), (20 bytes).
    Removing gd32f30x_usart.o(i.usart_baudrate_set), (144 bytes).
    Removing gd32f30x_usart.o(i.usart_block_length_config), (28 bytes).
    Removing gd32f30x_usart.o(i.usart_data_first_config), (20 bytes).
    Removing gd32f30x_usart.o(i.usart_data_receive), (10 bytes).
    Removing gd32f30x_usart.o(i.usart_data_transmit), (8 bytes).
    Removing gd32f30x_usart.o(i.usart_deinit), (144 bytes).
    Removing gd32f30x_usart.o(i.usart_disable), (10 bytes).
    Removing gd32f30x_usart.o(i.usart_dma_receive_config), (20 bytes).
    Removing gd32f30x_usart.o(i.usart_dma_transmit_config), (20 bytes).
    Removing gd32f30x_usart.o(i.usart_enable), (10 bytes).
    Removing gd32f30x_usart.o(i.usart_flag_clear), (18 bytes).
    Removing gd32f30x_usart.o(i.usart_flag_get), (30 bytes).
    Removing gd32f30x_usart.o(i.usart_guard_time_config), (24 bytes).
    Removing gd32f30x_usart.o(i.usart_halfduplex_disable), (10 bytes).
    Removing gd32f30x_usart.o(i.usart_halfduplex_enable), (10 bytes).
    Removing gd32f30x_usart.o(i.usart_hardware_flow_cts_config), (20 bytes).
    Removing gd32f30x_usart.o(i.usart_hardware_flow_rts_config), (20 bytes).
    Removing gd32f30x_usart.o(i.usart_interrupt_disable), (26 bytes).
    Removing gd32f30x_usart.o(i.usart_interrupt_enable), (26 bytes).
    Removing gd32f30x_usart.o(i.usart_interrupt_flag_clear), (18 bytes).
    Removing gd32f30x_usart.o(i.usart_interrupt_flag_get), (56 bytes).
    Removing gd32f30x_usart.o(i.usart_invert_config), (104 bytes).
    Removing gd32f30x_usart.o(i.usart_irda_lowpower_config), (20 bytes).
    Removing gd32f30x_usart.o(i.usart_irda_mode_disable), (10 bytes).
    Removing gd32f30x_usart.o(i.usart_irda_mode_enable), (10 bytes).
    Removing gd32f30x_usart.o(i.usart_lin_break_detection_length_config), (20 bytes).
    Removing gd32f30x_usart.o(i.usart_lin_mode_disable), (10 bytes).
    Removing gd32f30x_usart.o(i.usart_lin_mode_enable), (10 bytes).
    Removing gd32f30x_usart.o(i.usart_mute_mode_disable), (10 bytes).
    Removing gd32f30x_usart.o(i.usart_mute_mode_enable), (10 bytes).
    Removing gd32f30x_usart.o(i.usart_mute_mode_wakeup_config), (16 bytes).
    Removing gd32f30x_usart.o(i.usart_parity_config), (16 bytes).
    Removing gd32f30x_usart.o(i.usart_prescaler_config), (16 bytes).
    Removing gd32f30x_usart.o(i.usart_receive_config), (20 bytes).
    Removing gd32f30x_usart.o(i.usart_receiver_timeout_disable), (14 bytes).
    Removing gd32f30x_usart.o(i.usart_receiver_timeout_enable), (14 bytes).
    Removing gd32f30x_usart.o(i.usart_receiver_timeout_threshold_config), (20 bytes).
    Removing gd32f30x_usart.o(i.usart_send_break), (10 bytes).
    Removing gd32f30x_usart.o(i.usart_smartcard_autoretry_config), (26 bytes).
    Removing gd32f30x_usart.o(i.usart_smartcard_mode_disable), (10 bytes).
    Removing gd32f30x_usart.o(i.usart_smartcard_mode_enable), (10 bytes).
    Removing gd32f30x_usart.o(i.usart_smartcard_mode_nack_disable), (10 bytes).
    Removing gd32f30x_usart.o(i.usart_smartcard_mode_nack_enable), (10 bytes).
    Removing gd32f30x_usart.o(i.usart_stop_bit_set), (16 bytes).
    Removing gd32f30x_usart.o(i.usart_synchronous_clock_config), (34 bytes).
    Removing gd32f30x_usart.o(i.usart_synchronous_clock_disable), (10 bytes).
    Removing gd32f30x_usart.o(i.usart_synchronous_clock_enable), (10 bytes).
    Removing gd32f30x_usart.o(i.usart_transmit_config), (20 bytes).
    Removing gd32f30x_usart.o(i.usart_word_length_set), (16 bytes).
    Removing gd32f30x_wwdgt.o(.rev16_text), (4 bytes).
    Removing gd32f30x_wwdgt.o(.revsh_text), (4 bytes).
    Removing gd32f30x_wwdgt.o(i.wwdgt_config), (28 bytes).
    Removing gd32f30x_wwdgt.o(i.wwdgt_counter_update), (16 bytes).
    Removing gd32f30x_wwdgt.o(i.wwdgt_deinit), (20 bytes).
    Removing gd32f30x_wwdgt.o(i.wwdgt_enable), (20 bytes).
    Removing gd32f30x_wwdgt.o(i.wwdgt_flag_clear), (12 bytes).
    Removing gd32f30x_wwdgt.o(i.wwdgt_flag_get), (24 bytes).
    Removing gd32f30x_wwdgt.o(i.wwdgt_interrupt_enable), (20 bytes).
    Removing main.o(.rev16_text), (4 bytes).
    Removing main.o(.revsh_text), (4 bytes).
    Removing gd32f30x_it.o(.rev16_text), (4 bytes).
    Removing gd32f30x_it.o(.revsh_text), (4 bytes).
    Removing systick.o(.rev16_text), (4 bytes).
    Removing systick.o(.revsh_text), (4 bytes).
    Removing systick.o(i.NVIC_SetPriority), (40 bytes).
    Removing systick.o(i.delay_1ms), (20 bytes).
    Removing systick.o(i.delay_decrement), (24 bytes).
    Removing systick.o(i.systick_config), (80 bytes).
    Removing systick.o(.data), (4 bytes).
    Removing gpio.o(.rev16_text), (4 bytes).
    Removing gpio.o(.revsh_text), (4 bytes).
    Removing sys.o(.rev16_text), (4 bytes).
    Removing sys.o(.revsh_text), (4 bytes).
    Removing sys.o(.emb_text), (6 bytes).
    Removing sys.o(i.INTX_DISABLE), (4 bytes).
    Removing sys.o(i.INTX_ENABLE), (4 bytes).
    Removing sys.o(i.WFI_SET), (4 bytes).
    Removing time_management.o(.rev16_text), (4 bytes).
    Removing time_management.o(.revsh_text), (4 bytes).
    Removing delay.o(.rev16_text), (4 bytes).
    Removing delay.o(.revsh_text), (4 bytes).
    Removing delay.o(i.delay_us), (76 bytes).
    Removing spi.o(.rev16_text), (4 bytes).
    Removing spi.o(.revsh_text), (4 bytes).
    Removing spi.o(i.DMA_SPI1_Init), (84 bytes).
    Removing usart.o(.rev16_text), (4 bytes).
    Removing usart.o(.revsh_text), (4 bytes).
    Removing usart.o(.data), (2 bytes).
    Removing sdio.o(.rev16_text), (4 bytes).
    Removing sdio.o(.revsh_text), (4 bytes).
    Removing led.o(.rev16_text), (4 bytes).
    Removing led.o(.revsh_text), (4 bytes).
    Removing sd_card.o(.rev16_text), (4 bytes).
    Removing sd_card.o(.revsh_text), (4 bytes).
    Removing sd_card.o(i.card_info_get), (992 bytes).
    Removing sd_card.o(i.sd_card_capacity_get), (164 bytes).
    Removing lcd.o(.rev16_text), (4 bytes).
    Removing lcd.o(.revsh_text), (4 bytes).
    Removing lcd.o(i.LCD_Fill_Lvgl), (78 bytes).
    Removing lcd.o(i.LCD_Show_ICON), (134 bytes).
    Removing lcd_display.o(.rev16_text), (4 bytes).
    Removing lcd_display.o(.revsh_text), (4 bytes).
    Removing lcd_display.o(i.LCD_Show_Virtual_Key), (8 bytes).
    Removing lcd_display.o(i.Virtual_Keyboard), (2 bytes).
    Removing lcd_display.o(.data), (40 bytes).
    Removing dneg.o(.text), (6 bytes).
    Removing dfixul.o(.text), (48 bytes).
    Removing cdcmple.o(.text), (48 bytes).

660 unused section(s) (total 26386 bytes) removed from the image.

==============================================================================

Image Symbol Table

    Local Symbols

    Symbol Name                              Value     Ov Type        Size  Object(Section)

    ../clib/microlib/division.c              0x00000000   Number         0  uldiv.o ABSOLUTE
    ../clib/microlib/division.c              0x00000000   Number         0  uidiv.o ABSOLUTE
    ../clib/microlib/errno.c                 0x00000000   Number         0  errno.o ABSOLUTE
    ../clib/microlib/init/entry.s            0x00000000   Number         0  entry9a.o ABSOLUTE
    ../clib/microlib/init/entry.s            0x00000000   Number         0  entry7a.o ABSOLUTE
    ../clib/microlib/init/entry.s            0x00000000   Number         0  entry8b.o ABSOLUTE
    ../clib/microlib/init/entry.s            0x00000000   Number         0  entry10b.o ABSOLUTE
    ../clib/microlib/init/entry.s            0x00000000   Number         0  entry11b.o ABSOLUTE
    ../clib/microlib/init/entry.s            0x00000000   Number         0  entry8a.o ABSOLUTE
    ../clib/microlib/init/entry.s            0x00000000   Number         0  entry11a.o ABSOLUTE
    ../clib/microlib/init/entry.s            0x00000000   Number         0  entry10a.o ABSOLUTE
    ../clib/microlib/init/entry.s            0x00000000   Number         0  entry7b.o ABSOLUTE
    ../clib/microlib/init/entry.s            0x00000000   Number         0  entry5.o ABSOLUTE
    ../clib/microlib/init/entry.s            0x00000000   Number         0  entry9b.o ABSOLUTE
    ../clib/microlib/init/entry.s            0x00000000   Number         0  entry2.o ABSOLUTE
    ../clib/microlib/init/entry.s            0x00000000   Number         0  entry.o ABSOLUTE
    ../clib/microlib/longlong.c              0x00000000   Number         0  llsshr.o ABSOLUTE
    ../clib/microlib/longlong.c              0x00000000   Number         0  llushr.o ABSOLUTE
    ../clib/microlib/longlong.c              0x00000000   Number         0  llshl.o ABSOLUTE
    ../clib/microlib/printf/printf.c         0x00000000   Number         0  printf3.o ABSOLUTE
    ../clib/microlib/printf/printf.c         0x00000000   Number         0  printf1.o ABSOLUTE
    ../clib/microlib/printf/printf.c         0x00000000   Number         0  printf2.o ABSOLUTE
    ../clib/microlib/printf/printf.c         0x00000000   Number         0  printfb.o ABSOLUTE
    ../clib/microlib/printf/printf.c         0x00000000   Number         0  printf0.o ABSOLUTE
    ../clib/microlib/printf/printf.c         0x00000000   Number         0  printfa.o ABSOLUTE
    ../clib/microlib/printf/printf.c         0x00000000   Number         0  printf7.o ABSOLUTE
    ../clib/microlib/printf/printf.c         0x00000000   Number         0  printf4.o ABSOLUTE
    ../clib/microlib/printf/printf.c         0x00000000   Number         0  printf8.o ABSOLUTE
    ../clib/microlib/printf/printf.c         0x00000000   Number         0  printf6.o ABSOLUTE
    ../clib/microlib/printf/printf.c         0x00000000   Number         0  printf5.o ABSOLUTE
    ../clib/microlib/printf/stubs.s          0x00000000   Number         0  stubs.o ABSOLUTE
    ../clib/microlib/stdio/fputc.c           0x00000000   Number         0  fputc.o ABSOLUTE
    ../clib/microlib/stdio/semi.s            0x00000000   Number         0  semi.o ABSOLUTE
    ../clib/microlib/stdio/streams.c         0x00000000   Number         0  stdout.o ABSOLUTE
    ../clib/microlib/stubs.s                 0x00000000   Number         0  iusefp.o ABSOLUTE
    ../clib/microlib/stubs.s                 0x00000000   Number         0  iusesemip.o ABSOLUTE
    ../fplib/microlib/fpadd.c                0x00000000   Number         0  dadd.o ABSOLUTE
    ../fplib/microlib/fpdiv.c                0x00000000   Number         0  ddiv.o ABSOLUTE
    ../fplib/microlib/fpepilogue.c           0x00000000   Number         0  depilogue.o ABSOLUTE
    ../fplib/microlib/fpfix.c                0x00000000   Number         0  dfixui.o ABSOLUTE
    ../fplib/microlib/fpfix.c                0x00000000   Number         0  dfixul.o ABSOLUTE
    ../fplib/microlib/fpflt.c                0x00000000   Number         0  dflti.o ABSOLUTE
    ../fplib/microlib/fpflt.c                0x00000000   Number         0  dfltui.o ABSOLUTE
    ../fplib/microlib/fpmul.c                0x00000000   Number         0  dmul.o ABSOLUTE
    ../fplib/microlib/fpneg.c                0x00000000   Number         0  dneg.o ABSOLUTE
    ../fplib/microlib/fpscalb.c              0x00000000   Number         0  dscalb.o ABSOLUTE
    ../fplib/microlib/fpsqrt.c               0x00000000   Number         0  dsqrt.o ABSOLUTE
    ../mathlib/dunder.c                      0x00000000   Number         0  dunder.o ABSOLUTE
    ../mathlib/fabs.c                        0x00000000   Number         0  fabs.o ABSOLUTE
    ../mathlib/fpclassify.c                  0x00000000   Number         0  fpclassify.o ABSOLUTE
    ../mathlib/poly.c                        0x00000000   Number         0  poly.o ABSOLUTE
    ../mathlib/pow.c                         0x00000000   Number         0  pow_x.o ABSOLUTE
    ../mathlib/pow.c                         0x00000000   Number         0  pow.o ABSOLUTE
    ../mathlib/qnan.c                        0x00000000   Number         0  qnan.o ABSOLUTE
    ../mathlib/sqrt.c                        0x00000000   Number         0  sqrt_x.o ABSOLUTE
    ../mathlib/sqrt.c                        0x00000000   Number         0  sqrt.o ABSOLUTE
    ..\A-CMSIS\GD32F30x\Source\ARM\startup_gd32f30x_hd.s 0x00000000   Number         0  startup_gd32f30x_hd.o ABSOLUTE
    ..\A-CMSIS\GD32F30x\Source\system_gd32f30x.c 0x00000000   Number         0  system_gd32f30x.o ABSOLUTE
    ..\B-DRIVER\Source\gd32f30x_adc.c        0x00000000   Number         0  gd32f30x_adc.o ABSOLUTE
    ..\B-DRIVER\Source\gd32f30x_bkp.c        0x00000000   Number         0  gd32f30x_bkp.o ABSOLUTE
    ..\B-DRIVER\Source\gd32f30x_can.c        0x00000000   Number         0  gd32f30x_can.o ABSOLUTE
    ..\B-DRIVER\Source\gd32f30x_crc.c        0x00000000   Number         0  gd32f30x_crc.o ABSOLUTE
    ..\B-DRIVER\Source\gd32f30x_ctc.c        0x00000000   Number         0  gd32f30x_ctc.o ABSOLUTE
    ..\B-DRIVER\Source\gd32f30x_dac.c        0x00000000   Number         0  gd32f30x_dac.o ABSOLUTE
    ..\B-DRIVER\Source\gd32f30x_dbg.c        0x00000000   Number         0  gd32f30x_dbg.o ABSOLUTE
    ..\B-DRIVER\Source\gd32f30x_dma.c        0x00000000   Number         0  gd32f30x_dma.o ABSOLUTE
    ..\B-DRIVER\Source\gd32f30x_enet.c       0x00000000   Number         0  gd32f30x_enet.o ABSOLUTE
    ..\B-DRIVER\Source\gd32f30x_exmc.c       0x00000000   Number         0  gd32f30x_exmc.o ABSOLUTE
    ..\B-DRIVER\Source\gd32f30x_exti.c       0x00000000   Number         0  gd32f30x_exti.o ABSOLUTE
    ..\B-DRIVER\Source\gd32f30x_fmc.c        0x00000000   Number         0  gd32f30x_fmc.o ABSOLUTE
    ..\B-DRIVER\Source\gd32f30x_fwdgt.c      0x00000000   Number         0  gd32f30x_fwdgt.o ABSOLUTE
    ..\B-DRIVER\Source\gd32f30x_gpio.c       0x00000000   Number         0  gd32f30x_gpio.o ABSOLUTE
    ..\B-DRIVER\Source\gd32f30x_i2c.c        0x00000000   Number         0  gd32f30x_i2c.o ABSOLUTE
    ..\B-DRIVER\Source\gd32f30x_misc.c       0x00000000   Number         0  gd32f30x_misc.o ABSOLUTE
    ..\B-DRIVER\Source\gd32f30x_pmu.c        0x00000000   Number         0  gd32f30x_pmu.o ABSOLUTE
    ..\B-DRIVER\Source\gd32f30x_rcu.c        0x00000000   Number         0  gd32f30x_rcu.o ABSOLUTE
    ..\B-DRIVER\Source\gd32f30x_rtc.c        0x00000000   Number         0  gd32f30x_rtc.o ABSOLUTE
    ..\B-DRIVER\Source\gd32f30x_sdio.c       0x00000000   Number         0  gd32f30x_sdio.o ABSOLUTE
    ..\B-DRIVER\Source\gd32f30x_spi.c        0x00000000   Number         0  gd32f30x_spi.o ABSOLUTE
    ..\B-DRIVER\Source\gd32f30x_timer.c      0x00000000   Number         0  gd32f30x_timer.o ABSOLUTE
    ..\B-DRIVER\Source\gd32f30x_usart.c      0x00000000   Number         0  gd32f30x_usart.o ABSOLUTE
    ..\B-DRIVER\Source\gd32f30x_wwdgt.c      0x00000000   Number         0  gd32f30x_wwdgt.o ABSOLUTE
    ..\D-CONFIGURATION\Communication\SDIO.c  0x00000000   Number         0  sdio.o ABSOLUTE
    ..\D-CONFIGURATION\Communication\SPI.c   0x00000000   Number         0  spi.o ABSOLUTE
    ..\D-CONFIGURATION\Communication\usart.c 0x00000000   Number         0  usart.o ABSOLUTE
    ..\D-CONFIGURATION\GPIO\GPIO.c           0x00000000   Number         0  gpio.o ABSOLUTE
    ..\D-CONFIGURATION\TIME\TIME_Management.c 0x00000000   Number         0  time_management.o ABSOLUTE
    ..\D-CONFIGURATION\TIME\delay.c          0x00000000   Number         0  delay.o ABSOLUTE
    ..\D-CONFIGURATION\sys\sys.c             0x00000000   Number         0  sys.o ABSOLUTE
    ..\E-APPLICATION\LCD.c                   0x00000000   Number         0  lcd.o ABSOLUTE
    ..\E-APPLICATION\LCD_Display.c           0x00000000   Number         0  lcd_display.o ABSOLUTE
    ..\E-APPLICATION\LED.c                   0x00000000   Number         0  led.o ABSOLUTE
    ..\E-APPLICATION\SD_Card.c               0x00000000   Number         0  sd_card.o ABSOLUTE
    ..\\A-CMSIS\\GD32F30x\\Source\\system_gd32f30x.c 0x00000000   Number         0  system_gd32f30x.o ABSOLUTE
    ..\\B-DRIVER\\Source\\gd32f30x_adc.c     0x00000000   Number         0  gd32f30x_adc.o ABSOLUTE
    ..\\B-DRIVER\\Source\\gd32f30x_bkp.c     0x00000000   Number         0  gd32f30x_bkp.o ABSOLUTE
    ..\\B-DRIVER\\Source\\gd32f30x_can.c     0x00000000   Number         0  gd32f30x_can.o ABSOLUTE
    ..\\B-DRIVER\\Source\\gd32f30x_crc.c     0x00000000   Number         0  gd32f30x_crc.o ABSOLUTE
    ..\\B-DRIVER\\Source\\gd32f30x_ctc.c     0x00000000   Number         0  gd32f30x_ctc.o ABSOLUTE
    ..\\B-DRIVER\\Source\\gd32f30x_dac.c     0x00000000   Number         0  gd32f30x_dac.o ABSOLUTE
    ..\\B-DRIVER\\Source\\gd32f30x_dbg.c     0x00000000   Number         0  gd32f30x_dbg.o ABSOLUTE
    ..\\B-DRIVER\\Source\\gd32f30x_dma.c     0x00000000   Number         0  gd32f30x_dma.o ABSOLUTE
    ..\\B-DRIVER\\Source\\gd32f30x_enet.c    0x00000000   Number         0  gd32f30x_enet.o ABSOLUTE
    ..\\B-DRIVER\\Source\\gd32f30x_exmc.c    0x00000000   Number         0  gd32f30x_exmc.o ABSOLUTE
    ..\\B-DRIVER\\Source\\gd32f30x_exti.c    0x00000000   Number         0  gd32f30x_exti.o ABSOLUTE
    ..\\B-DRIVER\\Source\\gd32f30x_fmc.c     0x00000000   Number         0  gd32f30x_fmc.o ABSOLUTE
    ..\\B-DRIVER\\Source\\gd32f30x_fwdgt.c   0x00000000   Number         0  gd32f30x_fwdgt.o ABSOLUTE
    ..\\B-DRIVER\\Source\\gd32f30x_gpio.c    0x00000000   Number         0  gd32f30x_gpio.o ABSOLUTE
    ..\\B-DRIVER\\Source\\gd32f30x_i2c.c     0x00000000   Number         0  gd32f30x_i2c.o ABSOLUTE
    ..\\B-DRIVER\\Source\\gd32f30x_misc.c    0x00000000   Number         0  gd32f30x_misc.o ABSOLUTE
    ..\\B-DRIVER\\Source\\gd32f30x_pmu.c     0x00000000   Number         0  gd32f30x_pmu.o ABSOLUTE
    ..\\B-DRIVER\\Source\\gd32f30x_rcu.c     0x00000000   Number         0  gd32f30x_rcu.o ABSOLUTE
    ..\\B-DRIVER\\Source\\gd32f30x_rtc.c     0x00000000   Number         0  gd32f30x_rtc.o ABSOLUTE
    ..\\B-DRIVER\\Source\\gd32f30x_sdio.c    0x00000000   Number         0  gd32f30x_sdio.o ABSOLUTE
    ..\\B-DRIVER\\Source\\gd32f30x_spi.c     0x00000000   Number         0  gd32f30x_spi.o ABSOLUTE
    ..\\B-DRIVER\\Source\\gd32f30x_timer.c   0x00000000   Number         0  gd32f30x_timer.o ABSOLUTE
    ..\\B-DRIVER\\Source\\gd32f30x_usart.c   0x00000000   Number         0  gd32f30x_usart.o ABSOLUTE
    ..\\B-DRIVER\\Source\\gd32f30x_wwdgt.c   0x00000000   Number         0  gd32f30x_wwdgt.o ABSOLUTE
    ..\\D-CONFIGURATION\\Communication\\SDIO.c 0x00000000   Number         0  sdio.o ABSOLUTE
    ..\\D-CONFIGURATION\\Communication\\SPI.c 0x00000000   Number         0  spi.o ABSOLUTE
    ..\\D-CONFIGURATION\\Communication\\usart.c 0x00000000   Number         0  usart.o ABSOLUTE
    ..\\D-CONFIGURATION\\GPIO\\GPIO.c        0x00000000   Number         0  gpio.o ABSOLUTE
    ..\\D-CONFIGURATION\\TIME\\TIME_Management.c 0x00000000   Number         0  time_management.o ABSOLUTE
    ..\\D-CONFIGURATION\\TIME\\delay.c       0x00000000   Number         0  delay.o ABSOLUTE
    ..\\D-CONFIGURATION\\sys\\sys.c          0x00000000   Number         0  sys.o ABSOLUTE
    ..\\E-APPLICATION\\LCD.c                 0x00000000   Number         0  lcd.o ABSOLUTE
    ..\\E-APPLICATION\\LCD_Display.c         0x00000000   Number         0  lcd_display.o ABSOLUTE
    ..\\E-APPLICATION\\LED.c                 0x00000000   Number         0  led.o ABSOLUTE
    ..\\E-APPLICATION\\SD_Card.c             0x00000000   Number         0  sd_card.o ABSOLUTE
    cdcmple.s                                0x00000000   Number         0  cdcmple.o ABSOLUTE
    cdrcmple.s                               0x00000000   Number         0  cdrcmple.o ABSOLUTE
    dc.s                                     0x00000000   Number         0  dc.o ABSOLUTE
    gd32f30x_it.c                            0x00000000   Number         0  gd32f30x_it.o ABSOLUTE
    gd32f30x_it.c                            0x00000000   Number         0  gd32f30x_it.o ABSOLUTE
    handlers.s                               0x00000000   Number         0  handlers.o ABSOLUTE
    init.s                                   0x00000000   Number         0  init.o ABSOLUTE
    main.c                                   0x00000000   Number         0  main.o ABSOLUTE
    main.c                                   0x00000000   Number         0  main.o ABSOLUTE
    systick.c                                0x00000000   Number         0  systick.o ABSOLUTE
    systick.c                                0x00000000   Number         0  systick.o ABSOLUTE
    RESET                                    0x08000000   Section      304  startup_gd32f30x_hd.o(RESET)
    .ARM.Collect$$$$00000000                 0x08000130   Section        0  entry.o(.ARM.Collect$$$$00000000)
    .ARM.Collect$$$$00000001                 0x08000130   Section        4  entry2.o(.ARM.Collect$$$$00000001)
    .ARM.Collect$$$$00000004                 0x08000134   Section        4  entry5.o(.ARM.Collect$$$$00000004)
    .ARM.Collect$$$$00000008                 0x08000138   Section        0  entry7b.o(.ARM.Collect$$$$00000008)
    .ARM.Collect$$$$0000000A                 0x08000138   Section        0  entry8b.o(.ARM.Collect$$$$0000000A)
    .ARM.Collect$$$$0000000B                 0x08000138   Section        8  entry9a.o(.ARM.Collect$$$$0000000B)
    .ARM.Collect$$$$0000000D                 0x08000140   Section        0  entry10a.o(.ARM.Collect$$$$0000000D)
    .ARM.Collect$$$$0000000F                 0x08000140   Section        0  entry11a.o(.ARM.Collect$$$$0000000F)
    .ARM.Collect$$$$00002712                 0x08000140   Section        4  entry2.o(.ARM.Collect$$$$00002712)
    __lit__00000000                          0x08000140   Data           4  entry2.o(.ARM.Collect$$$$00002712)
    .text                                    0x08000144   Section       36  startup_gd32f30x_hd.o(.text)
    $v0                                      0x08000144   Number         0  startup_gd32f30x_hd.o(.text)
    .text                                    0x08000168   Section        0  dflti.o(.text)
    .text                                    0x0800018a   Section        0  dfltui.o(.text)
    .text                                    0x080001a4   Section        0  dfixui.o(.text)
    .text                                    0x080001d6   Section        0  llushr.o(.text)
    .text                                    0x080001f6   Section        0  depilogue.o(.text)
    .text                                    0x080001f6   Section        0  iusefp.o(.text)
    .text                                    0x080002b0   Section        0  dadd.o(.text)
    .text                                    0x080003fe   Section        0  dmul.o(.text)
    .text                                    0x080004e2   Section        0  ddiv.o(.text)
    .text                                    0x080005c0   Section        0  dscalb.o(.text)
    .text                                    0x080005f0   Section       48  cdrcmple.o(.text)
    .text                                    0x08000620   Section       36  init.o(.text)
    .text                                    0x08000644   Section        0  llshl.o(.text)
    .text                                    0x08000662   Section        0  llsshr.o(.text)
    .text                                    0x08000686   Section        0  dsqrt.o(.text)
    i.BusFault_Handler                       0x08000728   Section        0  gd32f30x_it.o(i.BusFault_Handler)
    i.CMD_Error_Check                        0x0800072c   Section        0  sd_card.o(i.CMD_Error_Check)
    i.DebugMon_Handler                       0x08000760   Section        0  gd32f30x_it.o(i.DebugMon_Handler)
    i.GPIO_Init_GD32                         0x08000762   Section        0  gpio.o(i.GPIO_Init_GD32)
    i.HardFault_Handler                      0x08000770   Section        0  gd32f30x_it.o(i.HardFault_Handler)
    i.IO_Init                                0x08000774   Section        0  gpio.o(i.IO_Init)
    i.KeyBoard_Init                          0x08000788   Section        0  gpio.o(i.KeyBoard_Init)
    i.LCD_Address_Set                        0x080007d8   Section        0  lcd.o(i.LCD_Address_Set)
    i.LCD_DrawPoint                          0x080008d0   Section        0  lcd.o(i.LCD_DrawPoint)
    i.LCD_Fill                               0x080008ec   Section        0  lcd.o(i.LCD_Fill)
    i.LCD_Init                               0x08000938   Section        0  lcd.o(i.LCD_Init)
    i.LCD_Send_Cmd                           0x08000b30   Section        0  lcd.o(i.LCD_Send_Cmd)
    i.LCD_Send_Data                          0x08000b58   Section        0  lcd.o(i.LCD_Send_Data)
    i.LCD_Send_Word_Data                     0x08000b80   Section        0  lcd.o(i.LCD_Send_Word_Data)
    i.LCD_ShowChar                           0x08000bb0   Section        0  lcd.o(i.LCD_ShowChar)
    i.LCD_ShowString                         0x08000d08   Section        0  lcd.o(i.LCD_ShowString)
    i.MY_SDIO_Init                           0x08000d4a   Section        0  sdio.o(i.MY_SDIO_Init)
    i.MemManage_Handler                      0x08000d6c   Section        0  gd32f30x_it.o(i.MemManage_Handler)
    i.NMI_Handler                            0x08000d70   Section        0  gd32f30x_it.o(i.NMI_Handler)
    i.PendSV_Handler                         0x08000d72   Section        0  gd32f30x_it.o(i.PendSV_Handler)
    i.Print_my                               0x08000d74   Section        0  lcd_display.o(i.Print_my)
    i.Print_my_2                             0x08000d9e   Section        0  lcd_display.o(i.Print_my_2)
    i.SDIO_GPIO_Init                         0x08000e1c   Section        0  gpio.o(i.SDIO_GPIO_Init)
    i.SDIO_SendCommand                       0x08000e70   Section        0  sdio.o(i.SDIO_SendCommand)
    i.SD_Card_init                           0x08000e88   Section        0  sd_card.o(i.SD_Card_init)
    i.SD_Init                                0x08000fa8   Section        0  sd_card.o(i.SD_Init)
    i.SD_Power_on                            0x08000fe8   Section        0  sd_card.o(i.SD_Power_on)
    i.SPI0_SEND_Byte                         0x08001138   Section        0  spi.o(i.SPI0_SEND_Byte)
    i.SPI1_GPIO_Init                         0x08001174   Section        0  gpio.o(i.SPI1_GPIO_Init)
    i.SPI_MY_Init                            0x08001220   Section        0  spi.o(i.SPI_MY_Init)
    i.SVC_Handler                            0x08001264   Section        0  gd32f30x_it.o(i.SVC_Handler)
    i.SysTick_Handler                        0x08001266   Section        0  gd32f30x_it.o(i.SysTick_Handler)
    i.SystemInit                             0x08001268   Section        0  system_gd32f30x.o(i.SystemInit)
    i.TIMER2_IRQHandler                      0x08001310   Section        0  time_management.o(i.TIMER2_IRQHandler)
    i.TIMER2_MY_Init                         0x08001384   Section        0  time_management.o(i.TIMER2_MY_Init)
    i.UART_GPIO_Init                         0x0800140c   Section        0  gpio.o(i.UART_GPIO_Init)
    i.UsageFault_Handler                     0x0800145c   Section        0  gd32f30x_it.o(i.UsageFault_Handler)
    i.__ARM_fpclassify                       0x08001460   Section        0  fpclassify.o(i.__ARM_fpclassify)
    i.__hardfp_pow                           0x08001490   Section        0  pow.o(i.__hardfp_pow)
    i.__kernel_poly                          0x080020e0   Section        0  poly.o(i.__kernel_poly)
    i.__mathlib_dbl_divzero                  0x080021d8   Section        0  dunder.o(i.__mathlib_dbl_divzero)
    i.__mathlib_dbl_infnan2                  0x08002208   Section        0  dunder.o(i.__mathlib_dbl_infnan2)
    i.__mathlib_dbl_invalid                  0x08002220   Section        0  dunder.o(i.__mathlib_dbl_invalid)
    i.__mathlib_dbl_overflow                 0x08002240   Section        0  dunder.o(i.__mathlib_dbl_overflow)
    i.__mathlib_dbl_underflow                0x08002260   Section        0  dunder.o(i.__mathlib_dbl_underflow)
    i.__scatterload_copy                     0x08002280   Section       14  handlers.o(i.__scatterload_copy)
    i.__scatterload_null                     0x0800228e   Section        2  handlers.o(i.__scatterload_null)
    i.__scatterload_zeroinit                 0x08002290   Section       14  handlers.o(i.__scatterload_zeroinit)
    i.__set_errno                            0x080022a0   Section        0  errno.o(i.__set_errno)
    i.delay_init                             0x080022ac   Section        0  delay.o(i.delay_init)
    i.delay_ms                               0x080022f0   Section        0  delay.o(i.delay_ms)
    i.fabs                                   0x0800233c   Section        0  fabs.o(i.fabs)
    i.gpio_bit_reset                         0x08002354   Section        0  gd32f30x_gpio.o(i.gpio_bit_reset)
    i.gpio_bit_set                           0x08002358   Section        0  gd32f30x_gpio.o(i.gpio_bit_set)
    i.gpio_init                              0x0800235c   Section        0  gd32f30x_gpio.o(i.gpio_init)
    i.main                                   0x08002418   Section        0  main.o(i.main)
    i.nvic_irq_enable                        0x080024cc   Section        0  gd32f30x_misc.o(i.nvic_irq_enable)
    i.nvic_priority_group_set                0x08002590   Section        0  gd32f30x_misc.o(i.nvic_priority_group_set)
    i.print_figure                           0x080025a4   Section        0  lcd_display.o(i.print_figure)
    i.r1_error_check                         0x08002674   Section        0  sd_card.o(i.r1_error_check)
    r1_error_check                           0x08002675   Thumb Code   122  sd_card.o(i.r1_error_check)
    i.r1_error_type_check                    0x080026fc   Section        0  sd_card.o(i.r1_error_type_check)
    i.r2_error_check                         0x080027ac   Section        0  sd_card.o(i.r2_error_check)
    r2_error_check                           0x080027ad   Thumb Code    70  sd_card.o(i.r2_error_check)
    i.r3_error_check                         0x080027fc   Section        0  sd_card.o(i.r3_error_check)
    r3_error_check                           0x080027fd   Thumb Code    52  sd_card.o(i.r3_error_check)
    i.r6_error_check                         0x08002838   Section        0  sd_card.o(i.r6_error_check)
    r6_error_check                           0x08002839   Thumb Code   144  sd_card.o(i.r6_error_check)
    i.r7_error_check                         0x080028d0   Section        0  sd_card.o(i.r7_error_check)
    r7_error_check                           0x080028d1   Thumb Code    78  sd_card.o(i.r7_error_check)
    i.rcu_periph_clock_enable                0x08002924   Section        0  gd32f30x_rcu.o(i.rcu_periph_clock_enable)
    i.rcu_periph_reset_disable               0x08002944   Section        0  gd32f30x_rcu.o(i.rcu_periph_reset_disable)
    i.rcu_periph_reset_enable                0x08002964   Section        0  gd32f30x_rcu.o(i.rcu_periph_reset_enable)
    i.sd_bus_mode_config                     0x08002984   Section        0  sd_card.o(i.sd_bus_mode_config)
    i.sd_bus_width_config                    0x08002a18   Section        0  sd_card.o(i.sd_bus_width_config)
    sd_bus_width_config                      0x08002a19   Thumb Code   242  sd_card.o(i.sd_bus_width_config)
    i.sd_card_information_get                0x08002b14   Section        0  sd_card.o(i.sd_card_information_get)
    i.sd_card_select_deselect                0x08002dd4   Section        0  sd_card.o(i.sd_card_select_deselect)
    i.sd_cardstatus_get                      0x08002dfc   Section        0  sd_card.o(i.sd_cardstatus_get)
    i.sd_io_init                             0x08002e44   Section        0  sd_card.o(i.sd_io_init)
    i.sd_scr_get                             0x08002ea0   Section        0  sd_card.o(i.sd_scr_get)
    sd_scr_get                               0x08002ea1   Thumb Code   340  sd_card.o(i.sd_scr_get)
    i.sd_transfer_mode_config                0x08002ff8   Section        0  sd_card.o(i.sd_transfer_mode_config)
    i.sdio_bus_mode_set                      0x08003010   Section        0  gd32f30x_sdio.o(i.sdio_bus_mode_set)
    i.sdio_clock_config                      0x0800302c   Section        0  gd32f30x_sdio.o(i.sdio_clock_config)
    i.sdio_clock_enable                      0x08003060   Section        0  gd32f30x_sdio.o(i.sdio_clock_enable)
    i.sdio_command_index_get                 0x08003074   Section        0  gd32f30x_sdio.o(i.sdio_command_index_get)
    i.sdio_command_response_config           0x08003080   Section        0  gd32f30x_sdio.o(i.sdio_command_response_config)
    i.sdio_csm_enable                        0x080030ac   Section        0  gd32f30x_sdio.o(i.sdio_csm_enable)
    i.sdio_data_config                       0x080030c0   Section        0  gd32f30x_sdio.o(i.sdio_data_config)
    i.sdio_data_read                         0x080030f4   Section        0  gd32f30x_sdio.o(i.sdio_data_read)
    i.sdio_data_transfer_config              0x08003100   Section        0  gd32f30x_sdio.o(i.sdio_data_transfer_config)
    i.sdio_deinit                            0x0800311c   Section        0  gd32f30x_sdio.o(i.sdio_deinit)
    i.sdio_dsm_enable                        0x08003138   Section        0  gd32f30x_sdio.o(i.sdio_dsm_enable)
    i.sdio_flag_clear                        0x0800314c   Section        0  gd32f30x_sdio.o(i.sdio_flag_clear)
    i.sdio_flag_get                          0x08003158   Section        0  gd32f30x_sdio.o(i.sdio_flag_get)
    i.sdio_hardware_clock_disable            0x08003170   Section        0  gd32f30x_sdio.o(i.sdio_hardware_clock_disable)
    i.sdio_power_state_get                   0x08003184   Section        0  gd32f30x_sdio.o(i.sdio_power_state_get)
    i.sdio_power_state_set                   0x08003190   Section        0  gd32f30x_sdio.o(i.sdio_power_state_set)
    i.sdio_response_get                      0x0800319c   Section        0  gd32f30x_sdio.o(i.sdio_response_get)
    i.sdio_wait_type_set                     0x080031d4   Section        0  gd32f30x_sdio.o(i.sdio_wait_type_set)
    i.spi_enable                             0x080031f0   Section        0  gd32f30x_spi.o(i.spi_enable)
    i.spi_i2s_data_transmit                  0x080031fa   Section        0  gd32f30x_spi.o(i.spi_i2s_data_transmit)
    i.spi_i2s_flag_get                       0x080031fe   Section        0  gd32f30x_spi.o(i.spi_i2s_flag_get)
    i.spi_init                               0x0800320e   Section        0  gd32f30x_spi.o(i.spi_init)
    i.sqrt                                   0x08003240   Section        0  sqrt.o(i.sqrt)
    i.system_clock_120m_hxtal                0x080032b0   Section        0  system_gd32f30x.o(i.system_clock_120m_hxtal)
    system_clock_120m_hxtal                  0x080032b1   Thumb Code   258  system_gd32f30x.o(i.system_clock_120m_hxtal)
    i.system_clock_config                    0x080033c4   Section        0  system_gd32f30x.o(i.system_clock_config)
    system_clock_config                      0x080033c5   Thumb Code     8  system_gd32f30x.o(i.system_clock_config)
    i.systick_clksource_set                  0x080033cc   Section        0  gd32f30x_misc.o(i.systick_clksource_set)
    i.timer_deinit                           0x080033f4   Section        0  gd32f30x_timer.o(i.timer_deinit)
    i.timer_enable                           0x080034d0   Section        0  gd32f30x_timer.o(i.timer_enable)
    i.timer_init                             0x080034dc   Section        0  gd32f30x_timer.o(i.timer_init)
    i.timer_interrupt_enable                 0x08003574   Section        0  gd32f30x_timer.o(i.timer_interrupt_enable)
    i.timer_interrupt_flag_clear             0x0800357c   Section        0  gd32f30x_timer.o(i.timer_interrupt_flag_clear)
    i.timer_interrupt_flag_get               0x08003582   Section        0  gd32f30x_timer.o(i.timer_interrupt_flag_get)
    .constdata                               0x0800359a   Section    13300  lcd.o(.constdata)
    .constdata                               0x08006990   Section      136  pow.o(.constdata)
    bp                                       0x08006990   Data          16  pow.o(.constdata)
    dp_h                                     0x080069a0   Data          16  pow.o(.constdata)
    dp_l                                     0x080069b0   Data          16  pow.o(.constdata)
    L                                        0x080069c0   Data          48  pow.o(.constdata)
    P                                        0x080069f0   Data          40  pow.o(.constdata)
    .constdata                               0x08006a18   Section        8  qnan.o(.constdata)
    .data                                    0x20000000   Section        4  system_gd32f30x.o(.data)
    .data                                    0x20000004   Section      160  gpio.o(.data)
    .data                                    0x200000a4   Section        5  time_management.o(.data)
    .data                                    0x200000aa   Section        4  delay.o(.data)
    fac_us                                   0x200000aa   Data           1  delay.o(.data)
    fac_ms                                   0x200000ac   Data           2  delay.o(.data)
    .data                                    0x200000b0   Section       20  sd_card.o(.data)
    cardtype                                 0x200000b0   Data           1  sd_card.o(.data)
    sd_rca                                   0x200000bc   Data           2  sd_card.o(.data)
    transmode                                0x200000c0   Data           4  sd_card.o(.data)
    .data                                    0x200000c4   Section        1  lcd.o(.data)
    .data                                    0x200000c8   Section        4  errno.o(.data)
    _errno                                   0x200000c8   Data           4  errno.o(.data)
    .bss                                     0x200000cc   Section      104  sd_card.o(.bss)
    sd_csd                                   0x200000cc   Data          16  sd_card.o(.bss)
    sd_cid                                   0x200000dc   Data          16  sd_card.o(.bss)
    STACK                                    0x20000138   Section     1024  startup_gd32f30x_hd.o(STACK)

    Global Symbols

    Symbol Name                              Value     Ov Type        Size  Object(Section)

    BuildAttributes$$THM_ISAv4$E$P$D$K$B$S$7EM$VFPi3$EXTD16$VFPS$VFMA$PE$A:L22UL41UL21$X:L11$S22US41US21$IEEE1$IW$USESV6$~STKCKD$USESV7$~SHL$OTIME$ROPI$IEEEX$EBA8$MICROLIB$REQ8$PRES8$EABIv2 0x00000000   Number         0  anon$$obj.o ABSOLUTE
    __ARM_use_no_argv                        0x00000000   Number         0  main.o ABSOLUTE
    _printf_a                                0x00000000   Number         0  stubs.o ABSOLUTE
    _printf_c                                0x00000000   Number         0  stubs.o ABSOLUTE
    _printf_charcount                        0x00000000   Number         0  stubs.o ABSOLUTE
    _printf_d                                0x00000000   Number         0  stubs.o ABSOLUTE
    _printf_e                                0x00000000   Number         0  stubs.o ABSOLUTE
    _printf_f                                0x00000000   Number         0  stubs.o ABSOLUTE
    _printf_flags                            0x00000000   Number         0  stubs.o ABSOLUTE
    _printf_fp_dec                           0x00000000   Number         0  stubs.o ABSOLUTE
    _printf_fp_hex                           0x00000000   Number         0  stubs.o ABSOLUTE
    _printf_g                                0x00000000   Number         0  stubs.o ABSOLUTE
    _printf_i                                0x00000000   Number         0  stubs.o ABSOLUTE
    _printf_int_dec                          0x00000000   Number         0  stubs.o ABSOLUTE
    _printf_l                                0x00000000   Number         0  stubs.o ABSOLUTE
    _printf_lc                               0x00000000   Number         0  stubs.o ABSOLUTE
    _printf_ll                               0x00000000   Number         0  stubs.o ABSOLUTE
    _printf_lld                              0x00000000   Number         0  stubs.o ABSOLUTE
    _printf_lli                              0x00000000   Number         0  stubs.o ABSOLUTE
    _printf_llo                              0x00000000   Number         0  stubs.o ABSOLUTE
    _printf_llu                              0x00000000   Number         0  stubs.o ABSOLUTE
    _printf_llx                              0x00000000   Number         0  stubs.o ABSOLUTE
    _printf_longlong_dec                     0x00000000   Number         0  stubs.o ABSOLUTE
    _printf_longlong_hex                     0x00000000   Number         0  stubs.o ABSOLUTE
    _printf_longlong_oct                     0x00000000   Number         0  stubs.o ABSOLUTE
    _printf_ls                               0x00000000   Number         0  stubs.o ABSOLUTE
    _printf_mbtowc                           0x00000000   Number         0  stubs.o ABSOLUTE
    _printf_n                                0x00000000   Number         0  stubs.o ABSOLUTE
    _printf_o                                0x00000000   Number         0  stubs.o ABSOLUTE
    _printf_p                                0x00000000   Number         0  stubs.o ABSOLUTE
    _printf_percent                          0x00000000   Number         0  stubs.o ABSOLUTE
    _printf_pre_padding                      0x00000000   Number         0  stubs.o ABSOLUTE
    _printf_return_value                     0x00000000   Number         0  stubs.o ABSOLUTE
    _printf_s                                0x00000000   Number         0  stubs.o ABSOLUTE
    _printf_sizespec                         0x00000000   Number         0  stubs.o ABSOLUTE
    _printf_str                              0x00000000   Number         0  stubs.o ABSOLUTE
    _printf_truncate_signed                  0x00000000   Number         0  stubs.o ABSOLUTE
    _printf_truncate_unsigned                0x00000000   Number         0  stubs.o ABSOLUTE
    _printf_u                                0x00000000   Number         0  stubs.o ABSOLUTE
    _printf_wc                               0x00000000   Number         0  stubs.o ABSOLUTE
    _printf_wctomb                           0x00000000   Number         0  stubs.o ABSOLUTE
    _printf_widthprec                        0x00000000   Number         0  stubs.o ABSOLUTE
    _printf_x                                0x00000000   Number         0  stubs.o ABSOLUTE
    __cpp_initialize__aeabi_                  - Undefined Weak Reference
    __cxa_finalize                            - Undefined Weak Reference
    __decompress                              - Undefined Weak Reference
    _clock_init                               - Undefined Weak Reference
    _microlib_exit                            - Undefined Weak Reference
    __Vectors_Size                           0x00000130   Number         0  startup_gd32f30x_hd.o ABSOLUTE
    __Vectors                                0x08000000   Data           4  startup_gd32f30x_hd.o(RESET)
    __Vectors_End                            0x08000130   Data           0  startup_gd32f30x_hd.o(RESET)
    __main                                   0x08000131   Thumb Code     0  entry.o(.ARM.Collect$$$$00000000)
    _main_stk                                0x08000131   Thumb Code     0  entry2.o(.ARM.Collect$$$$00000001)
    _main_scatterload                        0x08000135   Thumb Code     0  entry5.o(.ARM.Collect$$$$00000004)
    __main_after_scatterload                 0x08000139   Thumb Code     0  entry5.o(.ARM.Collect$$$$00000004)
    _main_clock                              0x08000139   Thumb Code     0  entry7b.o(.ARM.Collect$$$$00000008)
    _main_cpp_init                           0x08000139   Thumb Code     0  entry8b.o(.ARM.Collect$$$$0000000A)
    _main_init                               0x08000139   Thumb Code     0  entry9a.o(.ARM.Collect$$$$0000000B)
    __rt_final_cpp                           0x08000141   Thumb Code     0  entry10a.o(.ARM.Collect$$$$0000000D)
    __rt_final_exit                          0x08000141   Thumb Code     0  entry11a.o(.ARM.Collect$$$$0000000F)
    Reset_Handler                            0x08000145   Thumb Code     8  startup_gd32f30x_hd.o(.text)
    ADC0_1_IRQHandler                        0x0800015f   Thumb Code     0  startup_gd32f30x_hd.o(.text)
    ADC2_IRQHandler                          0x0800015f   Thumb Code     0  startup_gd32f30x_hd.o(.text)
    CAN0_EWMC_IRQHandler                     0x0800015f   Thumb Code     0  startup_gd32f30x_hd.o(.text)
    CAN0_RX1_IRQHandler                      0x0800015f   Thumb Code     0  startup_gd32f30x_hd.o(.text)
    DMA0_Channel0_IRQHandler                 0x0800015f   Thumb Code     0  startup_gd32f30x_hd.o(.text)
    DMA0_Channel1_IRQHandler                 0x0800015f   Thumb Code     0  startup_gd32f30x_hd.o(.text)
    DMA0_Channel2_IRQHandler                 0x0800015f   Thumb Code     0  startup_gd32f30x_hd.o(.text)
    DMA0_Channel3_IRQHandler                 0x0800015f   Thumb Code     0  startup_gd32f30x_hd.o(.text)
    DMA0_Channel4_IRQHandler                 0x0800015f   Thumb Code     0  startup_gd32f30x_hd.o(.text)
    DMA0_Channel5_IRQHandler                 0x0800015f   Thumb Code     0  startup_gd32f30x_hd.o(.text)
    DMA0_Channel6_IRQHandler                 0x0800015f   Thumb Code     0  startup_gd32f30x_hd.o(.text)
    DMA1_Channel0_IRQHandler                 0x0800015f   Thumb Code     0  startup_gd32f30x_hd.o(.text)
    DMA1_Channel1_IRQHandler                 0x0800015f   Thumb Code     0  startup_gd32f30x_hd.o(.text)
    DMA1_Channel2_IRQHandler                 0x0800015f   Thumb Code     0  startup_gd32f30x_hd.o(.text)
    DMA1_Channel3_4_IRQHandler               0x0800015f   Thumb Code     0  startup_gd32f30x_hd.o(.text)
    EXMC_IRQHandler                          0x0800015f   Thumb Code     0  startup_gd32f30x_hd.o(.text)
    EXTI0_IRQHandler                         0x0800015f   Thumb Code     0  startup_gd32f30x_hd.o(.text)
    EXTI10_15_IRQHandler                     0x0800015f   Thumb Code     0  startup_gd32f30x_hd.o(.text)
    EXTI1_IRQHandler                         0x0800015f   Thumb Code     0  startup_gd32f30x_hd.o(.text)
    EXTI2_IRQHandler                         0x0800015f   Thumb Code     0  startup_gd32f30x_hd.o(.text)
    EXTI3_IRQHandler                         0x0800015f   Thumb Code     0  startup_gd32f30x_hd.o(.text)
    EXTI4_IRQHandler                         0x0800015f   Thumb Code     0  startup_gd32f30x_hd.o(.text)
    EXTI5_9_IRQHandler                       0x0800015f   Thumb Code     0  startup_gd32f30x_hd.o(.text)
    FMC_IRQHandler                           0x0800015f   Thumb Code     0  startup_gd32f30x_hd.o(.text)
    I2C0_ER_IRQHandler                       0x0800015f   Thumb Code     0  startup_gd32f30x_hd.o(.text)
    I2C0_EV_IRQHandler                       0x0800015f   Thumb Code     0  startup_gd32f30x_hd.o(.text)
    I2C1_ER_IRQHandler                       0x0800015f   Thumb Code     0  startup_gd32f30x_hd.o(.text)
    I2C1_EV_IRQHandler                       0x0800015f   Thumb Code     0  startup_gd32f30x_hd.o(.text)
    LVD_IRQHandler                           0x0800015f   Thumb Code     0  startup_gd32f30x_hd.o(.text)
    RCU_CTC_IRQHandler                       0x0800015f   Thumb Code     0  startup_gd32f30x_hd.o(.text)
    RTC_Alarm_IRQHandler                     0x0800015f   Thumb Code     0  startup_gd32f30x_hd.o(.text)
    RTC_IRQHandler                           0x0800015f   Thumb Code     0  startup_gd32f30x_hd.o(.text)
    SDIO_IRQHandler                          0x0800015f   Thumb Code     0  startup_gd32f30x_hd.o(.text)
    SPI0_IRQHandler                          0x0800015f   Thumb Code     0  startup_gd32f30x_hd.o(.text)
    SPI1_IRQHandler                          0x0800015f   Thumb Code     0  startup_gd32f30x_hd.o(.text)
    SPI2_IRQHandler                          0x0800015f   Thumb Code     0  startup_gd32f30x_hd.o(.text)
    TAMPER_IRQHandler                        0x0800015f   Thumb Code     0  startup_gd32f30x_hd.o(.text)
    TIMER0_BRK_IRQHandler                    0x0800015f   Thumb Code     0  startup_gd32f30x_hd.o(.text)
    TIMER0_Channel_IRQHandler                0x0800015f   Thumb Code     0  startup_gd32f30x_hd.o(.text)
    TIMER0_TRG_CMT_IRQHandler                0x0800015f   Thumb Code     0  startup_gd32f30x_hd.o(.text)
    TIMER0_UP_IRQHandler                     0x0800015f   Thumb Code     0  startup_gd32f30x_hd.o(.text)
    TIMER1_IRQHandler                        0x0800015f   Thumb Code     0  startup_gd32f30x_hd.o(.text)
    TIMER3_IRQHandler                        0x0800015f   Thumb Code     0  startup_gd32f30x_hd.o(.text)
    TIMER4_IRQHandler                        0x0800015f   Thumb Code     0  startup_gd32f30x_hd.o(.text)
    TIMER5_IRQHandler                        0x0800015f   Thumb Code     0  startup_gd32f30x_hd.o(.text)
    TIMER6_IRQHandler                        0x0800015f   Thumb Code     0  startup_gd32f30x_hd.o(.text)
    TIMER7_BRK_IRQHandler                    0x0800015f   Thumb Code     0  startup_gd32f30x_hd.o(.text)
    TIMER7_Channel_IRQHandler                0x0800015f   Thumb Code     0  startup_gd32f30x_hd.o(.text)
    TIMER7_TRG_CMT_IRQHandler                0x0800015f   Thumb Code     0  startup_gd32f30x_hd.o(.text)
    TIMER7_UP_IRQHandler                     0x0800015f   Thumb Code     0  startup_gd32f30x_hd.o(.text)
    UART3_IRQHandler                         0x0800015f   Thumb Code     0  startup_gd32f30x_hd.o(.text)
    UART4_IRQHandler                         0x0800015f   Thumb Code     0  startup_gd32f30x_hd.o(.text)
    USART0_IRQHandler                        0x0800015f   Thumb Code     0  startup_gd32f30x_hd.o(.text)
    USART1_IRQHandler                        0x0800015f   Thumb Code     0  startup_gd32f30x_hd.o(.text)
    USART2_IRQHandler                        0x0800015f   Thumb Code     0  startup_gd32f30x_hd.o(.text)
    USBD_HP_CAN0_TX_IRQHandler               0x0800015f   Thumb Code     0  startup_gd32f30x_hd.o(.text)
    USBD_LP_CAN0_RX0_IRQHandler              0x0800015f   Thumb Code     0  startup_gd32f30x_hd.o(.text)
    USBD_WKUP_IRQHandler                     0x0800015f   Thumb Code     0  startup_gd32f30x_hd.o(.text)
    WWDGT_IRQHandler                         0x0800015f   Thumb Code     0  startup_gd32f30x_hd.o(.text)
    __aeabi_i2d                              0x08000169   Thumb Code    34  dflti.o(.text)
    __aeabi_ui2d                             0x0800018b   Thumb Code    26  dfltui.o(.text)
    __aeabi_d2uiz                            0x080001a5   Thumb Code    50  dfixui.o(.text)
    __aeabi_llsr                             0x080001d7   Thumb Code    32  llushr.o(.text)
    _ll_ushift_r                             0x080001d7   Thumb Code     0  llushr.o(.text)
    __I$use$fp                               0x080001f7   Thumb Code     0  iusefp.o(.text)
    _double_round                            0x080001f7   Thumb Code    30  depilogue.o(.text)
    _double_epilogue                         0x08000215   Thumb Code   156  depilogue.o(.text)
    __aeabi_dadd                             0x080002b1   Thumb Code   322  dadd.o(.text)
    __aeabi_dsub                             0x080003f3   Thumb Code     6  dadd.o(.text)
    __aeabi_drsub                            0x080003f9   Thumb Code     6  dadd.o(.text)
    __aeabi_dmul                             0x080003ff   Thumb Code   228  dmul.o(.text)
    __aeabi_ddiv                             0x080004e3   Thumb Code   222  ddiv.o(.text)
    __ARM_scalbn                             0x080005c1   Thumb Code    46  dscalb.o(.text)
    scalbn                                   0x080005c1   Thumb Code     0  dscalb.o(.text)
    __aeabi_cdrcmple                         0x080005f1   Thumb Code    48  cdrcmple.o(.text)
    __scatterload                            0x08000621   Thumb Code    28  init.o(.text)
    __scatterload_rt2                        0x08000621   Thumb Code     0  init.o(.text)
    __aeabi_llsl                             0x08000645   Thumb Code    30  llshl.o(.text)
    _ll_shift_l                              0x08000645   Thumb Code     0  llshl.o(.text)
    __aeabi_lasr                             0x08000663   Thumb Code    36  llsshr.o(.text)
    _ll_sshift_r                             0x08000663   Thumb Code     0  llsshr.o(.text)
    _dsqrt                                   0x08000687   Thumb Code   162  dsqrt.o(.text)
    BusFault_Handler                         0x08000729   Thumb Code     4  gd32f30x_it.o(i.BusFault_Handler)
    CMD_Error_Check                          0x0800072d   Thumb Code    46  sd_card.o(i.CMD_Error_Check)
    DebugMon_Handler                         0x08000761   Thumb Code     2  gd32f30x_it.o(i.DebugMon_Handler)
    GPIO_Init_GD32                           0x08000763   Thumb Code    14  gpio.o(i.GPIO_Init_GD32)
    HardFault_Handler                        0x08000771   Thumb Code     4  gd32f30x_it.o(i.HardFault_Handler)
    IO_Init                                  0x08000775   Thumb Code    20  gpio.o(i.IO_Init)
    KeyBoard_Init                            0x08000789   Thumb Code    68  gpio.o(i.KeyBoard_Init)
    LCD_Address_Set                          0x080007d9   Thumb Code   244  lcd.o(i.LCD_Address_Set)
    LCD_DrawPoint                            0x080008d1   Thumb Code    28  lcd.o(i.LCD_DrawPoint)
    LCD_Fill                                 0x080008ed   Thumb Code    74  lcd.o(i.LCD_Fill)
    LCD_Init                                 0x08000939   Thumb Code   494  lcd.o(i.LCD_Init)
    LCD_Send_Cmd                             0x08000b31   Thumb Code    36  lcd.o(i.LCD_Send_Cmd)
    LCD_Send_Data                            0x08000b59   Thumb Code    36  lcd.o(i.LCD_Send_Data)
    LCD_Send_Word_Data                       0x08000b81   Thumb Code    42  lcd.o(i.LCD_Send_Word_Data)
    LCD_ShowChar                             0x08000bb1   Thumb Code   328  lcd.o(i.LCD_ShowChar)
    LCD_ShowString                           0x08000d09   Thumb Code    66  lcd.o(i.LCD_ShowString)
    MY_SDIO_Init                             0x08000d4b   Thumb Code    34  sdio.o(i.MY_SDIO_Init)
    MemManage_Handler                        0x08000d6d   Thumb Code     4  gd32f30x_it.o(i.MemManage_Handler)
    NMI_Handler                              0x08000d71   Thumb Code     2  gd32f30x_it.o(i.NMI_Handler)
    PendSV_Handler                           0x08000d73   Thumb Code     2  gd32f30x_it.o(i.PendSV_Handler)
    Print_my                                 0x08000d75   Thumb Code    42  lcd_display.o(i.Print_my)
    Print_my_2                               0x08000d9f   Thumb Code   126  lcd_display.o(i.Print_my_2)
    SDIO_GPIO_Init                           0x08000e1d   Thumb Code    76  gpio.o(i.SDIO_GPIO_Init)
    SDIO_SendCommand                         0x08000e71   Thumb Code    24  sdio.o(i.SDIO_SendCommand)
    SD_Card_init                             0x08000e89   Thumb Code   270  sd_card.o(i.SD_Card_init)
    SD_Init                                  0x08000fa9   Thumb Code    62  sd_card.o(i.SD_Init)
    SD_Power_on                              0x08000fe9   Thumb Code   328  sd_card.o(i.SD_Power_on)
    SPI0_SEND_Byte                           0x08001139   Thumb Code    56  spi.o(i.SPI0_SEND_Byte)
    SPI1_GPIO_Init                           0x08001175   Thumb Code   142  gpio.o(i.SPI1_GPIO_Init)
    SPI_MY_Init                              0x08001221   Thumb Code    64  spi.o(i.SPI_MY_Init)
    SVC_Handler                              0x08001265   Thumb Code     2  gd32f30x_it.o(i.SVC_Handler)
    SysTick_Handler                          0x08001267   Thumb Code     2  gd32f30x_it.o(i.SysTick_Handler)
    SystemInit                               0x08001269   Thumb Code   156  system_gd32f30x.o(i.SystemInit)
    TIMER2_IRQHandler                        0x08001311   Thumb Code    94  time_management.o(i.TIMER2_IRQHandler)
    TIMER2_MY_Init                           0x08001385   Thumb Code   130  time_management.o(i.TIMER2_MY_Init)
    UART_GPIO_Init                           0x0800140d   Thumb Code    72  gpio.o(i.UART_GPIO_Init)
    UsageFault_Handler                       0x0800145d   Thumb Code     4  gd32f30x_it.o(i.UsageFault_Handler)
    __ARM_fpclassify                         0x08001461   Thumb Code    48  fpclassify.o(i.__ARM_fpclassify)
    __hardfp_pow                             0x08001491   Thumb Code  3072  pow.o(i.__hardfp_pow)
    __kernel_poly                            0x080020e1   Thumb Code   248  poly.o(i.__kernel_poly)
    __mathlib_dbl_divzero                    0x080021d9   Thumb Code    28  dunder.o(i.__mathlib_dbl_divzero)
    __mathlib_dbl_infnan2                    0x08002209   Thumb Code    20  dunder.o(i.__mathlib_dbl_infnan2)
    __mathlib_dbl_invalid                    0x08002221   Thumb Code    24  dunder.o(i.__mathlib_dbl_invalid)
    __mathlib_dbl_overflow                   0x08002241   Thumb Code    24  dunder.o(i.__mathlib_dbl_overflow)
    __mathlib_dbl_underflow                  0x08002261   Thumb Code    24  dunder.o(i.__mathlib_dbl_underflow)
    __scatterload_copy                       0x08002281   Thumb Code    14  handlers.o(i.__scatterload_copy)
    __scatterload_null                       0x0800228f   Thumb Code     2  handlers.o(i.__scatterload_null)
    __scatterload_zeroinit                   0x08002291   Thumb Code    14  handlers.o(i.__scatterload_zeroinit)
    __set_errno                              0x080022a1   Thumb Code     6  errno.o(i.__set_errno)
    delay_init                               0x080022ad   Thumb Code    50  delay.o(i.delay_init)
    delay_ms                                 0x080022f1   Thumb Code    72  delay.o(i.delay_ms)
    fabs                                     0x0800233d   Thumb Code    24  fabs.o(i.fabs)
    gpio_bit_reset                           0x08002355   Thumb Code     4  gd32f30x_gpio.o(i.gpio_bit_reset)
    gpio_bit_set                             0x08002359   Thumb Code     4  gd32f30x_gpio.o(i.gpio_bit_set)
    gpio_init                                0x0800235d   Thumb Code   188  gd32f30x_gpio.o(i.gpio_init)
    main                                     0x08002419   Thumb Code   110  main.o(i.main)
    nvic_irq_enable                          0x080024cd   Thumb Code   186  gd32f30x_misc.o(i.nvic_irq_enable)
    nvic_priority_group_set                  0x08002591   Thumb Code    10  gd32f30x_misc.o(i.nvic_priority_group_set)
    print_figure                             0x080025a5   Thumb Code   198  lcd_display.o(i.print_figure)
    r1_error_type_check                      0x080026fd   Thumb Code   174  sd_card.o(i.r1_error_type_check)
    rcu_periph_clock_enable                  0x08002925   Thumb Code    28  gd32f30x_rcu.o(i.rcu_periph_clock_enable)
    rcu_periph_reset_disable                 0x08002945   Thumb Code    28  gd32f30x_rcu.o(i.rcu_periph_reset_disable)
    rcu_periph_reset_enable                  0x08002965   Thumb Code    28  gd32f30x_rcu.o(i.rcu_periph_reset_enable)
    sd_bus_mode_config                       0x08002985   Thumb Code   144  sd_card.o(i.sd_bus_mode_config)
    sd_card_information_get                  0x08002b15   Thumb Code   686  sd_card.o(i.sd_card_information_get)
    sd_card_select_deselect                  0x08002dd5   Thumb Code    38  sd_card.o(i.sd_card_select_deselect)
    sd_cardstatus_get                        0x08002dfd   Thumb Code    66  sd_card.o(i.sd_cardstatus_get)
    sd_io_init                               0x08002e45   Thumb Code    88  sd_card.o(i.sd_io_init)
    sd_transfer_mode_config                  0x08002ff9   Thumb Code    20  sd_card.o(i.sd_transfer_mode_config)
    sdio_bus_mode_set                        0x08003011   Thumb Code    22  gd32f30x_sdio.o(i.sdio_bus_mode_set)
    sdio_clock_config                        0x0800302d   Thumb Code    44  gd32f30x_sdio.o(i.sdio_clock_config)
    sdio_clock_enable                        0x08003061   Thumb Code    14  gd32f30x_sdio.o(i.sdio_clock_enable)
    sdio_command_index_get                   0x08003075   Thumb Code     8  gd32f30x_sdio.o(i.sdio_command_index_get)
    sdio_command_response_config             0x08003081   Thumb Code    38  gd32f30x_sdio.o(i.sdio_command_response_config)
    sdio_csm_enable                          0x080030ad   Thumb Code    14  gd32f30x_sdio.o(i.sdio_csm_enable)
    sdio_data_config                         0x080030c1   Thumb Code    46  gd32f30x_sdio.o(i.sdio_data_config)
    sdio_data_read                           0x080030f5   Thumb Code     6  gd32f30x_sdio.o(i.sdio_data_read)
    sdio_data_transfer_config                0x08003101   Thumb Code    24  gd32f30x_sdio.o(i.sdio_data_transfer_config)
    sdio_deinit                              0x0800311d   Thumb Code    24  gd32f30x_sdio.o(i.sdio_deinit)
    sdio_dsm_enable                          0x08003139   Thumb Code    14  gd32f30x_sdio.o(i.sdio_dsm_enable)
    sdio_flag_clear                          0x0800314d   Thumb Code     6  gd32f30x_sdio.o(i.sdio_flag_clear)
    sdio_flag_get                            0x08003159   Thumb Code    18  gd32f30x_sdio.o(i.sdio_flag_get)
    sdio_hardware_clock_disable              0x08003171   Thumb Code    14  gd32f30x_sdio.o(i.sdio_hardware_clock_disable)
    sdio_power_state_get                     0x08003185   Thumb Code     6  gd32f30x_sdio.o(i.sdio_power_state_get)
    sdio_power_state_set                     0x08003191   Thumb Code     6  gd32f30x_sdio.o(i.sdio_power_state_set)
    sdio_response_get                        0x0800319d   Thumb Code    50  gd32f30x_sdio.o(i.sdio_response_get)
    sdio_wait_type_set                       0x080031d5   Thumb Code    22  gd32f30x_sdio.o(i.sdio_wait_type_set)
    spi_enable                               0x080031f1   Thumb Code    10  gd32f30x_spi.o(i.spi_enable)
    spi_i2s_data_transmit                    0x080031fb   Thumb Code     4  gd32f30x_spi.o(i.spi_i2s_data_transmit)
    spi_i2s_flag_get                         0x080031ff   Thumb Code    16  gd32f30x_spi.o(i.spi_i2s_flag_get)
    spi_init                                 0x0800320f   Thumb Code    50  gd32f30x_spi.o(i.spi_init)
    sqrt                                     0x08003241   Thumb Code   110  sqrt.o(i.sqrt)
    systick_clksource_set                    0x080033cd   Thumb Code    40  gd32f30x_misc.o(i.systick_clksource_set)
    timer_deinit                             0x080033f5   Thumb Code   210  gd32f30x_timer.o(i.timer_deinit)
    timer_enable                             0x080034d1   Thumb Code    10  gd32f30x_timer.o(i.timer_enable)
    timer_init                               0x080034dd   Thumb Code   122  gd32f30x_timer.o(i.timer_init)
    timer_interrupt_enable                   0x08003575   Thumb Code     8  gd32f30x_timer.o(i.timer_interrupt_enable)
    timer_interrupt_flag_clear               0x0800357d   Thumb Code     6  gd32f30x_timer.o(i.timer_interrupt_flag_clear)
    timer_interrupt_flag_get                 0x08003583   Thumb Code    24  gd32f30x_timer.o(i.timer_interrupt_flag_get)
    ascii_1206                               0x0800359a   Data        1140  lcd.o(.constdata)
    ascii_1608                               0x08003a0e   Data        1520  lcd.o(.constdata)
    ascii_2412                               0x08003ffe   Data        4560  lcd.o(.constdata)
    ascii_3216                               0x080051ce   Data        6080  lcd.o(.constdata)
    __mathlib_zero                           0x08006a18   Data           8  qnan.o(.constdata)
    Region$$Table$$Base                      0x08006a20   Number         0  anon$$obj.o(Region$$Table)
    Region$$Table$$Limit                     0x08006a40   Number         0  anon$$obj.o(Region$$Table)
    SystemCoreClock                          0x20000000   Data           4  system_gd32f30x.o(.data)
    USART0_CK_struct                         0x20000004   Data           8  gpio.o(.data)
    USART0_TX_struct                         0x2000000c   Data           8  gpio.o(.data)
    USART0_RX_struct                         0x20000014   Data           8  gpio.o(.data)
    USART0_CTS_struct                        0x2000001c   Data           8  gpio.o(.data)
    USART0_RTS_struct                        0x20000024   Data           8  gpio.o(.data)
    OLED_D_C_struct                          0x2000002c   Data           8  gpio.o(.data)
    SPI0_NSS_struct                          0x20000034   Data           8  gpio.o(.data)
    SPI0_SCK_struct                          0x2000003c   Data           8  gpio.o(.data)
    SPI0_MISO_struct                         0x20000044   Data           8  gpio.o(.data)
    SPI0_MOSI_struct                         0x2000004c   Data           8  gpio.o(.data)
    LCD_RES_struct                           0x20000054   Data           8  gpio.o(.data)
    X_struct                                 0x2000005c   Data           8  gpio.o(.data)
    Y_struct                                 0x20000064   Data           8  gpio.o(.data)
    Enter_struct                             0x2000006c   Data           8  gpio.o(.data)
    SDIO_D0_struct                           0x20000074   Data           8  gpio.o(.data)
    SDIO_D1_struct                           0x2000007c   Data           8  gpio.o(.data)
    SDIO_D2_struct                           0x20000084   Data           8  gpio.o(.data)
    SDIO_D3_struct                           0x2000008c   Data           8  gpio.o(.data)
    SDIO_SCk_struct                          0x20000094   Data           8  gpio.o(.data)
    SDIO_CMD_struct                          0x2000009c   Data           8  gpio.o(.data)
    g_Hour                                   0x200000a4   Data           1  time_management.o(.data)
    g_Minute                                 0x200000a5   Data           1  time_management.o(.data)
    g_Second                                 0x200000a6   Data           1  time_management.o(.data)
    g_Wifi_line                              0x200000a7   Data           1  time_management.o(.data)
    Refresh_Display_time_flg                 0x200000a8   Data           1  time_management.o(.data)
    sd_scr                                   0x200000b4   Data           8  sd_card.o(.data)
    USE_HORIZONTAL                           0x200000c4   Data           1  lcd.o(.data)
    sd_cardinfo                              0x200000ec   Data          72  sd_card.o(.bss)
    __initial_sp                             0x20000538   Data           0  startup_gd32f30x_hd.o(STACK)



==============================================================================

Memory Map of the image

  Image Entry point : 0x08000131

  Load Region LR_IROM1 (Base: 0x08000000, Size: 0x00006b0c, Max: 0x00080000, ABSOLUTE)

    Execution Region ER_IROM1 (Base: 0x08000000, Size: 0x00006a40, Max: 0x00080000, ABSOLUTE)

    Base Addr    Size         Type   Attr      Idx    E Section Name        Object

    0x08000000   0x00000130   Data   RO          142    RESET               startup_gd32f30x_hd.o
    0x08000130   0x00000000   Code   RO         4774  * .ARM.Collect$$$$00000000  mc_w.l(entry.o)
    0x08000130   0x00000004   Code   RO         5081    .ARM.Collect$$$$00000001  mc_w.l(entry2.o)
    0x08000134   0x00000004   Code   RO         5084    .ARM.Collect$$$$00000004  mc_w.l(entry5.o)
    0x08000138   0x00000000   Code   RO         5086    .ARM.Collect$$$$00000008  mc_w.l(entry7b.o)
    0x08000138   0x00000000   Code   RO         5088    .ARM.Collect$$$$0000000A  mc_w.l(entry8b.o)
    0x08000138   0x00000008   Code   RO         5089    .ARM.Collect$$$$0000000B  mc_w.l(entry9a.o)
    0x08000140   0x00000000   Code   RO         5091    .ARM.Collect$$$$0000000D  mc_w.l(entry10a.o)
    0x08000140   0x00000000   Code   RO         5093    .ARM.Collect$$$$0000000F  mc_w.l(entry11a.o)
    0x08000140   0x00000004   Code   RO         5082    .ARM.Collect$$$$00002712  mc_w.l(entry2.o)
    0x08000144   0x00000024   Code   RO          143    .text               startup_gd32f30x_hd.o
    0x08000168   0x00000022   Code   RO         5038    .text               mf_w.l(dflti.o)
    0x0800018a   0x0000001a   Code   RO         5040    .text               mf_w.l(dfltui.o)
    0x080001a4   0x00000032   Code   RO         5042    .text               mf_w.l(dfixui.o)
    0x080001d6   0x00000020   Code   RO         5102    .text               mc_w.l(llushr.o)
    0x080001f6   0x00000000   Code   RO         5111    .text               mc_w.l(iusefp.o)
    0x080001f6   0x000000ba   Code   RO         5112    .text               mf_w.l(depilogue.o)
    0x080002b0   0x0000014e   Code   RO         5114    .text               mf_w.l(dadd.o)
    0x080003fe   0x000000e4   Code   RO         5116    .text               mf_w.l(dmul.o)
    0x080004e2   0x000000de   Code   RO         5118    .text               mf_w.l(ddiv.o)
    0x080005c0   0x0000002e   Code   RO         5122    .text               mf_w.l(dscalb.o)
    0x080005ee   0x00000002   PAD
    0x080005f0   0x00000030   Code   RO         5126    .text               mf_w.l(cdrcmple.o)
    0x08000620   0x00000024   Code   RO         5128    .text               mc_w.l(init.o)
    0x08000644   0x0000001e   Code   RO         5131    .text               mc_w.l(llshl.o)
    0x08000662   0x00000024   Code   RO         5133    .text               mc_w.l(llsshr.o)
    0x08000686   0x000000a2   Code   RO         5136    .text               mf_w.l(dsqrt.o)
    0x08000728   0x00000004   Code   RO         4113    i.BusFault_Handler  gd32f30x_it.o
    0x0800072c   0x00000034   Code   RO         4484    i.CMD_Error_Check   sd_card.o
    0x08000760   0x00000002   Code   RO         4114    i.DebugMon_Handler  gd32f30x_it.o
    0x08000762   0x0000000e   Code   RO         4233    i.GPIO_Init_GD32    gpio.o
    0x08000770   0x00000004   Code   RO         4115    i.HardFault_Handler  gd32f30x_it.o
    0x08000774   0x00000014   Code   RO         4234    i.IO_Init           gpio.o
    0x08000788   0x00000050   Code   RO         4235    i.KeyBoard_Init     gpio.o
    0x080007d8   0x000000f8   Code   RO         4618    i.LCD_Address_Set   lcd.o
    0x080008d0   0x0000001c   Code   RO         4619    i.LCD_DrawPoint     lcd.o
    0x080008ec   0x0000004a   Code   RO         4620    i.LCD_Fill          lcd.o
    0x08000936   0x00000002   PAD
    0x08000938   0x000001f8   Code   RO         4622    i.LCD_Init          lcd.o
    0x08000b30   0x00000028   Code   RO         4623    i.LCD_Send_Cmd      lcd.o
    0x08000b58   0x00000028   Code   RO         4624    i.LCD_Send_Data     lcd.o
    0x08000b80   0x00000030   Code   RO         4625    i.LCD_Send_Word_Data  lcd.o
    0x08000bb0   0x00000158   Code   RO         4626    i.LCD_ShowChar      lcd.o
    0x08000d08   0x00000042   Code   RO         4627    i.LCD_ShowString    lcd.o
    0x08000d4a   0x00000022   Code   RO         4438    i.MY_SDIO_Init      sdio.o
    0x08000d6c   0x00000004   Code   RO         4116    i.MemManage_Handler  gd32f30x_it.o
    0x08000d70   0x00000002   Code   RO         4117    i.NMI_Handler       gd32f30x_it.o
    0x08000d72   0x00000002   Code   RO         4118    i.PendSV_Handler    gd32f30x_it.o
    0x08000d74   0x0000002a   Code   RO         4707    i.Print_my          lcd_display.o
    0x08000d9e   0x0000007e   Code   RO         4708    i.Print_my_2        lcd_display.o
    0x08000e1c   0x00000054   Code   RO         4236    i.SDIO_GPIO_Init    gpio.o
    0x08000e70   0x00000018   Code   RO         4439    i.SDIO_SendCommand  sdio.o
    0x08000e88   0x00000120   Code   RO         4485    i.SD_Card_init      sd_card.o
    0x08000fa8   0x0000003e   Code   RO         4486    i.SD_Init           sd_card.o
    0x08000fe6   0x00000002   PAD
    0x08000fe8   0x00000150   Code   RO         4487    i.SD_Power_on       sd_card.o
    0x08001138   0x0000003c   Code   RO         4390    i.SPI0_SEND_Byte    spi.o
    0x08001174   0x000000ac   Code   RO         4237    i.SPI1_GPIO_Init    gpio.o
    0x08001220   0x00000044   Code   RO         4391    i.SPI_MY_Init       spi.o
    0x08001264   0x00000002   Code   RO         4119    i.SVC_Handler       gd32f30x_it.o
    0x08001266   0x00000002   Code   RO         4120    i.SysTick_Handler   gd32f30x_it.o
    0x08001268   0x000000a8   Code   RO            4    i.SystemInit        system_gd32f30x.o
    0x08001310   0x00000074   Code   RO         4323    i.TIMER2_IRQHandler  time_management.o
    0x08001384   0x00000088   Code   RO         4324    i.TIMER2_MY_Init    time_management.o
    0x0800140c   0x00000050   Code   RO         4238    i.UART_GPIO_Init    gpio.o
    0x0800145c   0x00000004   Code   RO         4121    i.UsageFault_Handler  gd32f30x_it.o
    0x08001460   0x00000030   Code   RO         5064    i.__ARM_fpclassify  m_wm.l(fpclassify.o)
    0x08001490   0x00000c50   Code   RO         4760    i.__hardfp_pow      m_wm.l(pow.o)
    0x080020e0   0x000000f8   Code   RO         5066    i.__kernel_poly     m_wm.l(poly.o)
    0x080021d8   0x00000030   Code   RO         5044    i.__mathlib_dbl_divzero  m_wm.l(dunder.o)
    0x08002208   0x00000014   Code   RO         5046    i.__mathlib_dbl_infnan2  m_wm.l(dunder.o)
    0x0800221c   0x00000004   PAD
    0x08002220   0x00000020   Code   RO         5047    i.__mathlib_dbl_invalid  m_wm.l(dunder.o)
    0x08002240   0x00000020   Code   RO         5048    i.__mathlib_dbl_overflow  m_wm.l(dunder.o)
    0x08002260   0x00000020   Code   RO         5050    i.__mathlib_dbl_underflow  m_wm.l(dunder.o)
    0x08002280   0x0000000e   Code   RO         5142    i.__scatterload_copy  mc_w.l(handlers.o)
    0x0800228e   0x00000002   Code   RO         5143    i.__scatterload_null  mc_w.l(handlers.o)
    0x08002290   0x0000000e   Code   RO         5144    i.__scatterload_zeroinit  mc_w.l(handlers.o)
    0x0800229e   0x00000002   PAD
    0x080022a0   0x0000000c   Code   RO         5106    i.__set_errno       mc_w.l(errno.o)
    0x080022ac   0x00000044   Code   RO         4355    i.delay_init        delay.o
    0x080022f0   0x0000004c   Code   RO         4356    i.delay_ms          delay.o
    0x0800233c   0x00000018   Code   RO         5060    i.fabs              m_wm.l(fabs.o)
    0x08002354   0x00000004   Code   RO         1838    i.gpio_bit_reset    gd32f30x_gpio.o
    0x08002358   0x00000004   Code   RO         1839    i.gpio_bit_set      gd32f30x_gpio.o
    0x0800235c   0x000000bc   Code   RO         1848    i.gpio_init         gd32f30x_gpio.o
    0x08002418   0x000000b4   Code   RO         4056    i.main              main.o
    0x080024cc   0x000000c4   Code   RO         2166    i.nvic_irq_enable   gd32f30x_misc.o
    0x08002590   0x00000014   Code   RO         2167    i.nvic_priority_group_set  gd32f30x_misc.o
    0x080025a4   0x000000d0   Code   RO         4710    i.print_figure      lcd_display.o
    0x08002674   0x00000088   Code   RO         4489    i.r1_error_check    sd_card.o
    0x080026fc   0x000000ae   Code   RO         4490    i.r1_error_type_check  sd_card.o
    0x080027aa   0x00000002   PAD
    0x080027ac   0x00000050   Code   RO         4491    i.r2_error_check    sd_card.o
    0x080027fc   0x0000003c   Code   RO         4492    i.r3_error_check    sd_card.o
    0x08002838   0x00000098   Code   RO         4493    i.r6_error_check    sd_card.o
    0x080028d0   0x00000054   Code   RO         4494    i.r7_error_check    sd_card.o
    0x08002924   0x00000020   Code   RO         2383    i.rcu_periph_clock_enable  gd32f30x_rcu.o
    0x08002944   0x00000020   Code   RO         2386    i.rcu_periph_reset_disable  gd32f30x_rcu.o
    0x08002964   0x00000020   Code   RO         2387    i.rcu_periph_reset_enable  gd32f30x_rcu.o
    0x08002984   0x00000094   Code   RO         4495    i.sd_bus_mode_config  sd_card.o
    0x08002a18   0x000000fc   Code   RO         4496    i.sd_bus_width_config  sd_card.o
    0x08002b14   0x000002c0   Code   RO         4498    i.sd_card_information_get  sd_card.o
    0x08002dd4   0x00000026   Code   RO         4499    i.sd_card_select_deselect  sd_card.o
    0x08002dfa   0x00000002   PAD
    0x08002dfc   0x00000048   Code   RO         4500    i.sd_cardstatus_get  sd_card.o
    0x08002e44   0x0000005c   Code   RO         4501    i.sd_io_init        sd_card.o
    0x08002ea0   0x00000158   Code   RO         4502    i.sd_scr_get        sd_card.o
    0x08002ff8   0x00000018   Code   RO         4503    i.sd_transfer_mode_config  sd_card.o
    0x08003010   0x0000001c   Code   RO         2696    i.sdio_bus_mode_set  gd32f30x_sdio.o
    0x0800302c   0x00000034   Code   RO         2703    i.sdio_clock_config  gd32f30x_sdio.o
    0x08003060   0x00000014   Code   RO         2705    i.sdio_clock_enable  gd32f30x_sdio.o
    0x08003074   0x0000000c   Code   RO         2706    i.sdio_command_index_get  gd32f30x_sdio.o
    0x08003080   0x0000002c   Code   RO         2707    i.sdio_command_response_config  gd32f30x_sdio.o
    0x080030ac   0x00000014   Code   RO         2709    i.sdio_csm_enable   gd32f30x_sdio.o
    0x080030c0   0x00000034   Code   RO         2710    i.sdio_data_config  gd32f30x_sdio.o
    0x080030f4   0x0000000c   Code   RO         2712    i.sdio_data_read    gd32f30x_sdio.o
    0x08003100   0x0000001c   Code   RO         2713    i.sdio_data_transfer_config  gd32f30x_sdio.o
    0x0800311c   0x0000001c   Code   RO         2715    i.sdio_deinit       gd32f30x_sdio.o
    0x08003138   0x00000014   Code   RO         2719    i.sdio_dsm_enable   gd32f30x_sdio.o
    0x0800314c   0x0000000c   Code   RO         2721    i.sdio_flag_clear   gd32f30x_sdio.o
    0x08003158   0x00000018   Code   RO         2722    i.sdio_flag_get     gd32f30x_sdio.o
    0x08003170   0x00000014   Code   RO         2723    i.sdio_hardware_clock_disable  gd32f30x_sdio.o
    0x08003184   0x0000000c   Code   RO         2731    i.sdio_power_state_get  gd32f30x_sdio.o
    0x08003190   0x0000000c   Code   RO         2732    i.sdio_power_state_set  gd32f30x_sdio.o
    0x0800319c   0x00000038   Code   RO         2736    i.sdio_response_get  gd32f30x_sdio.o
    0x080031d4   0x0000001c   Code   RO         2741    i.sdio_wait_type_set  gd32f30x_sdio.o
    0x080031f0   0x0000000a   Code   RO         3001    i.spi_enable        gd32f30x_spi.o
    0x080031fa   0x00000004   Code   RO         3004    i.spi_i2s_data_transmit  gd32f30x_spi.o
    0x080031fe   0x00000010   Code   RO         3006    i.spi_i2s_flag_get  gd32f30x_spi.o
    0x0800320e   0x00000032   Code   RO         3011    i.spi_init          gd32f30x_spi.o
    0x08003240   0x0000006e   Code   RO         5071    i.sqrt              m_wm.l(sqrt.o)
    0x080032ae   0x00000002   PAD
    0x080032b0   0x00000114   Code   RO            5    i.system_clock_120m_hxtal  system_gd32f30x.o
    0x080033c4   0x00000008   Code   RO            6    i.system_clock_config  system_gd32f30x.o
    0x080033cc   0x00000028   Code   RO         2171    i.systick_clksource_set  gd32f30x_misc.o
    0x080033f4   0x000000dc   Code   RO         3277    i.timer_deinit      gd32f30x_timer.o
    0x080034d0   0x0000000a   Code   RO         3282    i.timer_enable      gd32f30x_timer.o
    0x080034da   0x00000002   PAD
    0x080034dc   0x00000098   Code   RO         3292    i.timer_init        gd32f30x_timer.o
    0x08003574   0x00000008   Code   RO         3299    i.timer_interrupt_enable  gd32f30x_timer.o
    0x0800357c   0x00000006   Code   RO         3300    i.timer_interrupt_flag_clear  gd32f30x_timer.o
    0x08003582   0x00000018   Code   RO         3301    i.timer_interrupt_flag_get  gd32f30x_timer.o
    0x0800359a   0x000033f4   Data   RO         4629    .constdata          lcd.o
    0x0800698e   0x00000002   PAD
    0x08006990   0x00000088   Data   RO         4763    .constdata          m_wm.l(pow.o)
    0x08006a18   0x00000008   Data   RO         5068    .constdata          m_wm.l(qnan.o)
    0x08006a20   0x00000020   Data   RO         5140    Region$$Table       anon$$obj.o


    Execution Region RW_IRAM1 (Base: 0x20000000, Size: 0x00000538, Max: 0x00010000, ABSOLUTE)

    Base Addr    Size         Type   Attr      Idx    E Section Name        Object

    0x20000000   0x00000004   Data   RW            7    .data               system_gd32f30x.o
    0x20000004   0x000000a0   Data   RW         4239    .data               gpio.o
    0x200000a4   0x00000005   Data   RW         4325    .data               time_management.o
    0x200000a9   0x00000001   PAD
    0x200000aa   0x00000004   Data   RW         4358    .data               delay.o
    0x200000ae   0x00000002   PAD
    0x200000b0   0x00000014   Data   RW         4505    .data               sd_card.o
    0x200000c4   0x00000001   Data   RW         4630    .data               lcd.o
    0x200000c5   0x00000003   PAD
    0x200000c8   0x00000004   Data   RW         5107    .data               mc_w.l(errno.o)
    0x200000cc   0x00000068   Zero   RW         4504    .bss                sd_card.o
    0x20000134   0x00000004   PAD
    0x20000138   0x00000400   Zero   RW          140    STACK               startup_gd32f30x_hd.o


==============================================================================

Image component sizes


      Code (inc. data)   RO Data    RW Data    ZI Data      Debug   Object Name

       144         22          0          4          0       1408   delay.o
       196          0          0          0          0       2120   gd32f30x_gpio.o
        26          0          0          0          0       4350   gd32f30x_it.o
       256         20          0          0          0       2080   gd32f30x_misc.o
        96         12          0          0          0       1759   gd32f30x_rcu.o
       480        104          0          0          0      10929   gd32f30x_sdio.o
        80          0          0          0          0       3187   gd32f30x_spi.o
       420         40          0          0          0       4352   gd32f30x_timer.o
       450         58          0        160          0       5441   gpio.o
      1392         44      13300          1          0       8077   lcd.o
       376         10          0          0          0       3025   lcd_display.o
       180         70          0          0          0       6327   main.o
      3098        128          0         20        104      17600   sd_card.o
        58          0          0          0          0       2158   sdio.o
       128          8          0          0          0       1339   spi.o
        36          8        304          0       1024        896   startup_gd32f30x_hd.o
       452         30          0          4          0      63099   system_gd32f30x.o
       252         28          0          5          0       1813   time_management.o

    ----------------------------------------------------------------------
      8130        582      13638        200       1132     139960   Object Totals
         0          0         32          0          0          0   (incl. Generated)
        10          0          2          6          4          0   (incl. Padding)

    ----------------------------------------------------------------------

      Code (inc. data)   RO Data    RW Data    ZI Data      Debug   Library Member Name

       164         44          0          0          0        620   dunder.o
        24          0          0          0          0        124   fabs.o
        48          0          0          0          0        124   fpclassify.o
       248          0          0          0          0        152   poly.o
      3152        296        136          0          0        352   pow.o
         0          0          8          0          0          0   qnan.o
       110          0          0          0          0        148   sqrt.o
         0          0          0          0          0          0   entry.o
         0          0          0          0          0          0   entry10a.o
         0          0          0          0          0          0   entry11a.o
         8          4          0          0          0          0   entry2.o
         4          0          0          0          0          0   entry5.o
         0          0          0          0          0          0   entry7b.o
         0          0          0          0          0          0   entry8b.o
         8          4          0          0          0          0   entry9a.o
        12          6          0          4          0         68   errno.o
        30          0          0          0          0          0   handlers.o
        36          8          0          0          0         68   init.o
         0          0          0          0          0          0   iusefp.o
        30          0          0          0          0         68   llshl.o
        36          0          0          0          0         68   llsshr.o
        32          0          0          0          0         68   llushr.o
        48          0          0          0          0         68   cdrcmple.o
       334          0          0          0          0        148   dadd.o
       222          0          0          0          0        100   ddiv.o
       186          0          0          0          0        176   depilogue.o
        50          0          0          0          0         76   dfixui.o
        34          0          0          0          0         76   dflti.o
        26          0          0          0          0         76   dfltui.o
       228          0          0          0          0         96   dmul.o
        46          0          0          0          0         80   dscalb.o
       162          0          0          0          0        100   dsqrt.o

    ----------------------------------------------------------------------
      5288        362        144          4          0       2856   Library Totals
        10          0          0          0          0          0   (incl. Padding)

    ----------------------------------------------------------------------

      Code (inc. data)   RO Data    RW Data    ZI Data      Debug   Library Name

      3746        340        144          0          0       1520   m_wm.l
       196         22          0          4          0        340   mc_w.l
      1336          0          0          0          0        996   mf_w.l

    ----------------------------------------------------------------------
      5288        362        144          4          0       2856   Library Totals

    ----------------------------------------------------------------------

==============================================================================


      Code (inc. data)   RO Data    RW Data    ZI Data      Debug   

     13418        944      13782        204       1132     132596   Grand Totals
     13418        944      13782        204       1132     132596   ELF Image Totals
     13418        944      13782        204          0          0   ROM Totals

==============================================================================

    Total RO  Size (Code + RO Data)                27200 (  26.56kB)
    Total RW  Size (RW Data + ZI Data)              1336 (   1.30kB)
    Total ROM Size (Code + RO Data + RW Data)      27404 (  26.76kB)

==============================================================================

