<html>
<body>
<pre>
<h1>礦ision Build Log</h1>
<h2>Tool Versions:</h2>
IDE-Version: μVision V5.23.0.0
Copyright (C) 2017 ARM Ltd and ARM Germany GmbH. All rights reserved.
License Information: wang 18811746616@163.com, 大, LIC=R4HV2-9VS4W-LV81I-TWDY8-YLS2W-UJC2M
 
Tool Versions:
Toolchain:       MDK-ARM Professional  Version: 5.23
Toolchain Path:  E:\MDK5\v5.23\ARM\ARMCC\Bin
C Compiler:      Armcc.exe V5.06 update 4 (build 422)
Assembler:       Armasm.exe V5.06 update 4 (build 422)
Linker/Locator:  ArmLink.exe V5.06 update 4 (build 422)
Library Manager: ArmAr.exe V5.06 update 4 (build 422)
Hex Converter:   FromElf.exe V5.06 update 4 (build 422)
CPU DLL:         SARMCM3.DLL V5.23
Dialog DLL:      DCM.DLL V1.15.0.0
Target DLL:      STLink\ST-LINKIII-KEIL_SWO.dll V2.0.18.0
Dialog DLL:      TCM.DLL V1.27.0.0
 
<h2>Project:</h2>
K:\STUDY-刻苦学习区&工作区\自学阶段\嵌入式单片机\Nixie_tube_Clock\C-MAIN\Project.uvprojx
Project File Date:  12/04/2023

<h2>Output:</h2>
*** Using Compiler 'V5.06 update 4 (build 422)', folder: 'E:\MDK5\v5.23\ARM\ARMCC\Bin'
Build target 'GD32F30X_HD'
compiling LCD_Display.c...
..\E-APPLICATION\LCD_Display.c(86): warning:  #177-D: variable "i"  was declared but never referenced
  	u8 i=1;
..\E-APPLICATION\LCD_Display.c(107): warning:  #177-D: variable "m"  was declared but never referenced
  	u8 temp=0,m=0;
..\E-APPLICATION\LCD_Display.c(109): warning:  #177-D: variable "enshow"  was declared but never referenced
  	u8 enshow=0;
..\E-APPLICATION\LCD_Display.c: 3 warnings, 0 errors
linking...
Program Size: Code=13418 RO-data=13782 RW-data=204 ZI-data=1132  
FromELF: creating hex file...
".\output\Project.axf" - 0 Error(s), 3 Warning(s).

<h2>Collection of Component include folders:</h2>
  .\RTE\_GD32F30X_HD
  E:\MDK5\v5.23\ARM\PACK\GigaDevice\GD32F30x_DFP\2.2.0\Device\Include

<h2>Collection of Component Files used:</h2>
Build Time Elapsed:  00:00:01
</pre>
</body>
</html>
