<html>
<body>
<pre>
<h1>礦ision Build Log</h1>
<h2>Tool Versions:</h2>
IDE-Version: μVision V5.23.0.0
Copyright (C) 2017 ARM Ltd and ARM Germany GmbH. All rights reserved.
License Information: 贾 明, 45甜热热, LIC=EXJT4-FAPPK-01TP1-C4BXU-CHLE5-988TF
 
Tool Versions:
Toolchain:       MDK-ARM Plus  Version: 5.23
Toolchain Path:  D:\MDK\ARM\ARMCC\Bin
C Compiler:      Armcc.exe V5.06 update 4 (build 422)
Assembler:       Armasm.exe V5.06 update 4 (build 422)
Linker/Locator:  ArmLink.exe V5.06 update 4 (build 422)
Library Manager: ArmAr.exe V5.06 update 4 (build 422)
Hex Converter:   FromElf.exe V5.06 update 4 (build 422)
CPU DLL:         SARMCM3.DLL V5.23
Dialog DLL:      DCM.DLL V1.15.0.0
Target DLL:      STLink\ST-LINKIII-KEIL_SWO.dll V2.0.18.0
Dialog DLL:      TCM.DLL V1.27.0.0
 
<h2>Project:</h2>
I:\STUDY-刻苦学习区\自学阶段\嵌入式单片机\STANDARD_ENGINERING_GD32_PRJ\C-MAIN\Project.uvprojx
Project File Date:  11/25/2023

<h2>Output:</h2>
*** Using Compiler 'V5.06 update 4 (build 422)', folder: 'D:\MDK\ARM\ARMCC\Bin'
Rebuild target 'GD32F30X_HD'
assembling startup_gd32f30x_hd.s...
compiling gd32f30x_adc.c...
compiling system_gd32f30x.c...
compiling gd32f30x_bkp.c...
compiling gd32f30x_crc.c...
compiling gd32f30x_can.c...
compiling gd32f30x_ctc.c...
compiling gd32f30x_dac.c...
compiling gd32f30x_dbg.c...
compiling gd32f30x_dma.c...
compiling gd32f30x_enet.c...
compiling gd32f30x_exmc.c...
compiling gd32f30x_exti.c...
compiling gd32f30x_fwdgt.c...
compiling gd32f30x_fmc.c...
compiling gd32f30x_gpio.c...
compiling gd32f30x_i2c.c...
compiling gd32f30x_misc.c...
compiling gd32f30x_pmu.c...
compiling gd32f30x_rtc.c...
compiling gd32f30x_rcu.c...
compiling gd32f30x_sdio.c...
compiling gd32f30x_spi.c...
compiling gd32f30x_timer.c...
compiling gd32f30x_usart.c...
compiling gd32f30x_wwdgt.c...
compiling main.c...
compiling gd32f30x_it.c...
compiling systick.c...
compiling sys.c...
compiling GPIO.c...
compiling TIME_Management.c...
compiling SPI.c...
compiling delay.c...
compiling usart.c...
compiling SDIO.c...
compiling LED.c...
compiling SD_Card.c...
..\E-APPLICATION\SD_Card.c(287): warning:  #188-D: enumerated type mixed with another type
  		error_status=
DIO_FLAG_CMDTMOUT;
..\E-APPLICATION\SD_Card.c(352): warning:  #177-D: variable "validvoltage"  was declared but never referenced
  	u32 count = 0, validvoltage = 0;
..\E-APPLICATION\SD_Card.c(111): warning:  #550-D: variable "cardtype"  was set but never used
  static sdio_card_type_enum cardtype = SDIO_STD_CAPACITY_SD_CARD_V1_1; /* SD card type */
..\E-APPLICATION\SD_Card.c: 3 warnings, 0 errors
linking...
Program Size: Code=3564 RO-data=336 RW-data=188 ZI-data=1028  
FromELF: creating hex file...
".\output\Project.axf" - 0 Error(s), 3 Warning(s).

<h2>Collection of Component include folders:</h2>
  .\RTE\_GD32F30X_HD
  D:\MDK\GigaDevice\GD32F30x_DFP\2.2.0\Device\Include

<h2>Collection of Component Files used:</h2>
Build Time Elapsed:  00:00:16
</pre>
</body>
</html>
